2026-05-18 13:34:07,222 - src.base.trainer - INFO - the number of parameters: 36940
2026-05-18 13:34:07,222 - src.base.trainer - INFO - start training !!!!!
2026-05-18 13:34:12,312 - src.base.trainer - INFO - epoch complete
2026-05-18 13:34:12,312 - src.base.trainer - INFO - evaluating now!
2026-05-18 13:34:12,880 - src.base.trainer - INFO - Epoch [0/250] (159) train_mae: 9.7594, val_mae: 8.9977, lr: 0.000100, 5.1s
2026-05-18 13:34:12,887 - src.base.trainer - INFO - Val loss decrease from inf to 8.9977, saving to True
2026-05-18 13:34:17,901 - src.base.trainer - INFO - epoch complete
2026-05-18 13:34:17,901 - src.base.trainer - INFO - evaluating now!
2026-05-18 13:34:18,470 - src.base.trainer - INFO - Epoch [1/250] (318) train_mae: 5.8993, val_mae: 6.6876, lr: 0.000100, 5.0s
2026-05-18 13:34:18,473 - src.base.trainer - INFO - Val loss decrease from 8.9977 to 6.6876, saving to True
2026-05-18 13:34:21,523 - src.base.trainer - INFO - Epoch [2/250] (400) train_mae: 5.0782, val_mae: 6.1090 
2026-05-18 13:34:21,524 - src.base.trainer - INFO - Val loss decrease from 6.6876 to 6.1090, saving to True
2026-05-18 13:34:23,851 - src.base.trainer - INFO - epoch complete
2026-05-18 13:34:23,851 - src.base.trainer - INFO - evaluating now!
2026-05-18 13:34:24,386 - src.base.trainer - INFO - Epoch [2/250] (477) train_mae: 4.8335, val_mae: 5.6258, lr: 0.000100, 5.4s
2026-05-18 13:34:24,387 - src.base.trainer - INFO - Val loss decrease from 6.1090 to 5.6258, saving to True
2026-05-18 13:34:29,195 - src.base.trainer - INFO - epoch complete
2026-05-18 13:34:29,195 - src.base.trainer - INFO - evaluating now!
2026-05-18 13:34:29,731 - src.base.trainer - INFO - Epoch [3/250] (636) train_mae: 4.1301, val_mae: 4.7150, lr: 0.000100, 4.8s
2026-05-18 13:34:29,732 - src.base.trainer - INFO - Val loss decrease from 5.6258 to 4.7150, saving to True
2026-05-18 13:34:34,505 - src.base.trainer - INFO - epoch complete
2026-05-18 13:34:34,506 - src.base.trainer - INFO - evaluating now!
2026-05-18 13:34:35,043 - src.base.trainer - INFO - Epoch [4/250] (795) train_mae: 3.5965, val_mae: 4.2122, lr: 0.000100, 4.8s
2026-05-18 13:34:35,044 - src.base.trainer - INFO - Val loss decrease from 4.7150 to 4.2122, saving to True
2026-05-18 13:34:35,723 - src.base.trainer - INFO - Epoch [5/250] (800) train_mae: 3.3864, val_mae: 4.1997 
2026-05-18 13:34:35,724 - src.base.trainer - INFO - Val loss decrease from 4.2122 to 4.1997, saving to True
2026-05-18 13:34:40,416 - src.base.trainer - INFO - epoch complete
2026-05-18 13:34:40,416 - src.base.trainer - INFO - evaluating now!
2026-05-18 13:34:40,958 - src.base.trainer - INFO - Epoch [5/250] (954) train_mae: 3.3313, val_mae: 3.9751, lr: 0.000100, 5.4s
2026-05-18 13:34:40,959 - src.base.trainer - INFO - Val loss decrease from 4.1997 to 3.9751, saving to True
2026-05-18 13:34:45,756 - src.base.trainer - INFO - epoch complete
2026-05-18 13:34:45,756 - src.base.trainer - INFO - evaluating now!
2026-05-18 13:34:46,292 - src.base.trainer - INFO - Epoch [6/250] (1113) train_mae: 3.1842, val_mae: 3.8334, lr: 0.000100, 4.8s
2026-05-18 13:34:46,293 - src.base.trainer - INFO - Val loss decrease from 3.9751 to 3.8334, saving to True
2026-05-18 13:34:49,509 - src.base.trainer - INFO - Epoch [7/250] (1200) train_mae: 3.1349, val_mae: 3.7663 
2026-05-18 13:34:49,510 - src.base.trainer - INFO - Val loss decrease from 3.8334 to 3.7663, saving to True
2026-05-18 13:34:51,689 - src.base.trainer - INFO - epoch complete
2026-05-18 13:34:51,689 - src.base.trainer - INFO - evaluating now!
2026-05-18 13:34:52,227 - src.base.trainer - INFO - Epoch [7/250] (1272) train_mae: 3.0855, val_mae: 3.7164, lr: 0.000100, 5.4s
2026-05-18 13:34:52,228 - src.base.trainer - INFO - Val loss decrease from 3.7663 to 3.7164, saving to True
2026-05-18 13:34:57,059 - src.base.trainer - INFO - epoch complete
2026-05-18 13:34:57,059 - src.base.trainer - INFO - evaluating now!
2026-05-18 13:34:57,609 - src.base.trainer - INFO - Epoch [8/250] (1431) train_mae: 2.9981, val_mae: 3.6279, lr: 0.000100, 4.8s
2026-05-18 13:34:57,610 - src.base.trainer - INFO - Val loss decrease from 3.7164 to 3.6279, saving to True
2026-05-18 13:35:02,415 - src.base.trainer - INFO - epoch complete
2026-05-18 13:35:02,415 - src.base.trainer - INFO - evaluating now!
2026-05-18 13:35:02,977 - src.base.trainer - INFO - Epoch [9/250] (1590) train_mae: 2.9234, val_mae: 3.5238, lr: 0.000100, 4.8s
2026-05-18 13:35:02,978 - src.base.trainer - INFO - Val loss decrease from 3.6279 to 3.5238, saving to True
2026-05-18 13:35:03,824 - src.base.trainer - INFO - Epoch [10/250] (1600) train_mae: 2.7098, val_mae: 3.5177 
2026-05-18 13:35:03,825 - src.base.trainer - INFO - Val loss decrease from 3.5238 to 3.5177, saving to True
2026-05-18 13:35:08,347 - src.base.trainer - INFO - epoch complete
2026-05-18 13:35:08,347 - src.base.trainer - INFO - evaluating now!
2026-05-18 13:35:08,886 - src.base.trainer - INFO - Epoch [10/250] (1749) train_mae: 2.8419, val_mae: 3.4403, lr: 0.000100, 5.4s
2026-05-18 13:35:08,889 - src.base.trainer - INFO - Val loss decrease from 3.5177 to 3.4403, saving to True
2026-05-18 13:35:13,696 - src.base.trainer - INFO - epoch complete
2026-05-18 13:35:13,696 - src.base.trainer - INFO - evaluating now!
2026-05-18 13:35:14,234 - src.base.trainer - INFO - Epoch [11/250] (1908) train_mae: 2.7807, val_mae: 3.3710, lr: 0.000100, 4.8s
2026-05-18 13:35:14,235 - src.base.trainer - INFO - Val loss decrease from 3.4403 to 3.3710, saving to True
2026-05-18 13:35:17,568 - src.base.trainer - INFO - Epoch [12/250] (2000) train_mae: 2.6911, val_mae: 3.3312 
2026-05-18 13:35:17,569 - src.base.trainer - INFO - Val loss decrease from 3.3710 to 3.3312, saving to True
2026-05-18 13:35:19,591 - src.base.trainer - INFO - epoch complete
2026-05-18 13:35:19,591 - src.base.trainer - INFO - evaluating now!
2026-05-18 13:35:20,129 - src.base.trainer - INFO - Epoch [12/250] (2067) train_mae: 2.7253, val_mae: 3.3109, lr: 0.000100, 5.4s
2026-05-18 13:35:20,130 - src.base.trainer - INFO - Val loss decrease from 3.3312 to 3.3109, saving to True
2026-05-18 13:35:24,969 - src.base.trainer - INFO - epoch complete
2026-05-18 13:35:24,969 - src.base.trainer - INFO - evaluating now!
2026-05-18 13:35:25,509 - src.base.trainer - INFO - Epoch [13/250] (2226) train_mae: 2.6821, val_mae: 3.2553, lr: 0.000100, 4.8s
2026-05-18 13:35:25,510 - src.base.trainer - INFO - Val loss decrease from 3.3109 to 3.2553, saving to True
2026-05-18 13:35:30,320 - src.base.trainer - INFO - epoch complete
2026-05-18 13:35:30,320 - src.base.trainer - INFO - evaluating now!
2026-05-18 13:35:30,855 - src.base.trainer - INFO - Epoch [14/250] (2385) train_mae: 2.6462, val_mae: 3.2136, lr: 0.000100, 4.8s
2026-05-18 13:35:30,856 - src.base.trainer - INFO - Val loss decrease from 3.2553 to 3.2136, saving to True
2026-05-18 13:35:31,863 - src.base.trainer - INFO - Epoch [15/250] (2400) train_mae: 2.9052, val_mae: 3.2080 
2026-05-18 13:35:31,864 - src.base.trainer - INFO - Val loss decrease from 3.2136 to 3.2080, saving to True
2026-05-18 13:35:36,370 - src.base.trainer - INFO - epoch complete
2026-05-18 13:35:36,370 - src.base.trainer - INFO - evaluating now!
2026-05-18 13:35:36,921 - src.base.trainer - INFO - Epoch [15/250] (2544) train_mae: 2.6162, val_mae: 3.1812, lr: 0.000100, 5.5s
2026-05-18 13:35:36,922 - src.base.trainer - INFO - Val loss decrease from 3.2080 to 3.1812, saving to True
2026-05-18 13:35:41,783 - src.base.trainer - INFO - epoch complete
2026-05-18 13:35:41,785 - src.base.trainer - INFO - evaluating now!
2026-05-18 13:35:42,325 - src.base.trainer - INFO - Epoch [16/250] (2703) train_mae: 2.5898, val_mae: 3.1525, lr: 0.000100, 4.9s
2026-05-18 13:35:42,326 - src.base.trainer - INFO - Val loss decrease from 3.1812 to 3.1525, saving to True
2026-05-18 13:35:45,814 - src.base.trainer - INFO - Epoch [17/250] (2800) train_mae: 2.5914, val_mae: 3.1432 
2026-05-18 13:35:45,815 - src.base.trainer - INFO - Val loss decrease from 3.1525 to 3.1432, saving to True
2026-05-18 13:35:47,684 - src.base.trainer - INFO - epoch complete
2026-05-18 13:35:47,684 - src.base.trainer - INFO - evaluating now!
2026-05-18 13:35:48,222 - src.base.trainer - INFO - Epoch [17/250] (2862) train_mae: 2.5687, val_mae: 3.1263, lr: 0.000100, 5.4s
2026-05-18 13:35:48,223 - src.base.trainer - INFO - Val loss decrease from 3.1432 to 3.1263, saving to True
2026-05-18 13:35:53,043 - src.base.trainer - INFO - epoch complete
2026-05-18 13:35:53,043 - src.base.trainer - INFO - evaluating now!
2026-05-18 13:35:53,581 - src.base.trainer - INFO - Epoch [18/250] (3021) train_mae: 2.5511, val_mae: 3.1080, lr: 0.000100, 4.8s
2026-05-18 13:35:53,582 - src.base.trainer - INFO - Val loss decrease from 3.1263 to 3.1080, saving to True
2026-05-18 13:35:58,419 - src.base.trainer - INFO - epoch complete
2026-05-18 13:35:58,419 - src.base.trainer - INFO - evaluating now!
2026-05-18 13:35:58,958 - src.base.trainer - INFO - Epoch [19/250] (3180) train_mae: 2.5348, val_mae: 3.0903, lr: 0.000100, 4.8s
2026-05-18 13:35:58,959 - src.base.trainer - INFO - Val loss decrease from 3.1080 to 3.0903, saving to True
2026-05-18 13:36:00,101 - src.base.trainer - INFO - Epoch [20/250] (3200) train_mae: 2.4405, val_mae: 3.0897 
2026-05-18 13:36:00,102 - src.base.trainer - INFO - Val loss decrease from 3.0903 to 3.0897, saving to True
2026-05-18 13:36:04,329 - src.base.trainer - INFO - epoch complete
2026-05-18 13:36:04,329 - src.base.trainer - INFO - evaluating now!
2026-05-18 13:36:04,867 - src.base.trainer - INFO - Epoch [20/250] (3339) train_mae: 2.5191, val_mae: 3.0690, lr: 0.000100, 5.4s
2026-05-18 13:36:04,868 - src.base.trainer - INFO - Val loss decrease from 3.0897 to 3.0690, saving to True
2026-05-18 13:36:09,697 - src.base.trainer - INFO - epoch complete
2026-05-18 13:36:09,697 - src.base.trainer - INFO - evaluating now!
2026-05-18 13:36:10,233 - src.base.trainer - INFO - Epoch [21/250] (3498) train_mae: 2.5079, val_mae: 3.0573, lr: 0.000100, 4.8s
2026-05-18 13:36:10,236 - src.base.trainer - INFO - Val loss decrease from 3.0690 to 3.0573, saving to True
2026-05-18 13:36:13,867 - src.base.trainer - INFO - Epoch [22/250] (3600) train_mae: 2.4623, val_mae: 3.0473 
2026-05-18 13:36:13,868 - src.base.trainer - INFO - Val loss decrease from 3.0573 to 3.0473, saving to True
2026-05-18 13:36:15,584 - src.base.trainer - INFO - epoch complete
2026-05-18 13:36:15,584 - src.base.trainer - INFO - evaluating now!
2026-05-18 13:36:16,120 - src.base.trainer - INFO - Epoch [22/250] (3657) train_mae: 2.4941, val_mae: 3.0458, lr: 0.000100, 5.3s
2026-05-18 13:36:16,121 - src.base.trainer - INFO - Val loss decrease from 3.0473 to 3.0458, saving to True
2026-05-18 13:36:20,961 - src.base.trainer - INFO - epoch complete
2026-05-18 13:36:20,962 - src.base.trainer - INFO - evaluating now!
2026-05-18 13:36:21,532 - src.base.trainer - INFO - Epoch [23/250] (3816) train_mae: 2.4866, val_mae: 3.0359, lr: 0.000100, 4.8s
2026-05-18 13:36:21,533 - src.base.trainer - INFO - Val loss decrease from 3.0458 to 3.0359, saving to True
2026-05-18 13:36:26,363 - src.base.trainer - INFO - epoch complete
2026-05-18 13:36:26,363 - src.base.trainer - INFO - evaluating now!
2026-05-18 13:36:26,906 - src.base.trainer - INFO - Epoch [24/250] (3975) train_mae: 2.4780, val_mae: 3.0269, lr: 0.000100, 4.8s
2026-05-18 13:36:26,907 - src.base.trainer - INFO - Val loss decrease from 3.0359 to 3.0269, saving to True
2026-05-18 13:36:28,241 - src.base.trainer - INFO - Epoch [25/250] (4000) train_mae: 2.4265, val_mae: 3.0254 
2026-05-18 13:36:28,242 - src.base.trainer - INFO - Val loss decrease from 3.0269 to 3.0254, saving to True
2026-05-18 13:36:32,395 - src.base.trainer - INFO - epoch complete
2026-05-18 13:36:32,395 - src.base.trainer - INFO - evaluating now!
2026-05-18 13:36:32,936 - src.base.trainer - INFO - Epoch [25/250] (4134) train_mae: 2.4674, val_mae: 3.0127, lr: 0.000100, 5.5s
2026-05-18 13:36:32,937 - src.base.trainer - INFO - Val loss decrease from 3.0254 to 3.0127, saving to True
2026-05-18 13:36:37,819 - src.base.trainer - INFO - epoch complete
2026-05-18 13:36:37,819 - src.base.trainer - INFO - evaluating now!
2026-05-18 13:36:38,362 - src.base.trainer - INFO - Epoch [26/250] (4293) train_mae: 2.4597, val_mae: 3.0015, lr: 0.000100, 4.9s
2026-05-18 13:36:38,363 - src.base.trainer - INFO - Val loss decrease from 3.0127 to 3.0015, saving to True
2026-05-18 13:36:42,189 - src.base.trainer - INFO - Epoch [27/250] (4400) train_mae: 2.4367, val_mae: 2.9987 
2026-05-18 13:36:42,190 - src.base.trainer - INFO - Val loss decrease from 3.0015 to 2.9987, saving to True
2026-05-18 13:36:43,782 - src.base.trainer - INFO - epoch complete
2026-05-18 13:36:43,782 - src.base.trainer - INFO - evaluating now!
2026-05-18 13:36:44,324 - src.base.trainer - INFO - Epoch [27/250] (4452) train_mae: 2.4525, val_mae: 2.9959, lr: 0.000100, 5.4s
2026-05-18 13:36:44,325 - src.base.trainer - INFO - Val loss decrease from 2.9987 to 2.9959, saving to True
2026-05-18 13:36:49,237 - src.base.trainer - INFO - epoch complete
2026-05-18 13:36:49,237 - src.base.trainer - INFO - evaluating now!
2026-05-18 13:36:49,848 - src.base.trainer - INFO - Epoch [28/250] (4611) train_mae: 2.4462, val_mae: 2.9877, lr: 0.000100, 4.9s
2026-05-18 13:36:49,849 - src.base.trainer - INFO - Val loss decrease from 2.9959 to 2.9877, saving to True
2026-05-18 13:36:54,805 - src.base.trainer - INFO - epoch complete
2026-05-18 13:36:54,805 - src.base.trainer - INFO - evaluating now!
2026-05-18 13:36:55,352 - src.base.trainer - INFO - Epoch [29/250] (4770) train_mae: 2.4389, val_mae: 2.9821, lr: 0.000100, 5.0s
2026-05-18 13:36:55,353 - src.base.trainer - INFO - Val loss decrease from 2.9877 to 2.9821, saving to True
2026-05-18 13:36:56,822 - src.base.trainer - INFO - Epoch [30/250] (4800) train_mae: 2.3667, val_mae: 2.9826 
2026-05-18 13:37:00,784 - src.base.trainer - INFO - epoch complete
2026-05-18 13:37:00,784 - src.base.trainer - INFO - evaluating now!
2026-05-18 13:37:01,329 - src.base.trainer - INFO - Epoch [30/250] (4929) train_mae: 2.4334, val_mae: 2.9730, lr: 0.000100, 5.4s
2026-05-18 13:37:01,330 - src.base.trainer - INFO - Val loss decrease from 2.9821 to 2.9730, saving to True
2026-05-18 13:37:06,263 - src.base.trainer - INFO - epoch complete
2026-05-18 13:37:06,263 - src.base.trainer - INFO - evaluating now!
2026-05-18 13:37:06,813 - src.base.trainer - INFO - Epoch [31/250] (5088) train_mae: 2.4324, val_mae: 2.9762, lr: 0.000100, 4.9s
2026-05-18 13:37:10,807 - src.base.trainer - INFO - Epoch [32/250] (5200) train_mae: 2.4409, val_mae: 2.9658 
2026-05-18 13:37:10,808 - src.base.trainer - INFO - Val loss decrease from 2.9730 to 2.9658, saving to True
2026-05-18 13:37:12,244 - src.base.trainer - INFO - epoch complete
2026-05-18 13:37:12,244 - src.base.trainer - INFO - evaluating now!
2026-05-18 13:37:12,787 - src.base.trainer - INFO - Epoch [32/250] (5247) train_mae: 2.4280, val_mae: 2.9615, lr: 0.000100, 5.4s
2026-05-18 13:37:12,788 - src.base.trainer - INFO - Val loss decrease from 2.9658 to 2.9615, saving to True
2026-05-18 13:37:17,661 - src.base.trainer - INFO - epoch complete
2026-05-18 13:37:17,661 - src.base.trainer - INFO - evaluating now!
2026-05-18 13:37:18,203 - src.base.trainer - INFO - Epoch [33/250] (5406) train_mae: 2.4202, val_mae: 2.9547, lr: 0.000100, 4.9s
2026-05-18 13:37:18,204 - src.base.trainer - INFO - Val loss decrease from 2.9615 to 2.9547, saving to True
2026-05-18 13:37:23,096 - src.base.trainer - INFO - epoch complete
2026-05-18 13:37:23,096 - src.base.trainer - INFO - evaluating now!
2026-05-18 13:37:23,639 - src.base.trainer - INFO - Epoch [34/250] (5565) train_mae: 2.4167, val_mae: 2.9525, lr: 0.000100, 4.9s
2026-05-18 13:37:23,642 - src.base.trainer - INFO - Val loss decrease from 2.9547 to 2.9525, saving to True
2026-05-18 13:37:25,266 - src.base.trainer - INFO - Epoch [35/250] (5600) train_mae: 2.3054, val_mae: 2.9570 
2026-05-18 13:37:29,081 - src.base.trainer - INFO - epoch complete
2026-05-18 13:37:29,081 - src.base.trainer - INFO - evaluating now!
2026-05-18 13:37:29,628 - src.base.trainer - INFO - Epoch [35/250] (5724) train_mae: 2.4173, val_mae: 2.9473, lr: 0.000100, 5.4s
2026-05-18 13:37:29,629 - src.base.trainer - INFO - Val loss decrease from 2.9525 to 2.9473, saving to True
2026-05-18 13:37:34,581 - src.base.trainer - INFO - epoch complete
2026-05-18 13:37:34,581 - src.base.trainer - INFO - evaluating now!
2026-05-18 13:37:35,126 - src.base.trainer - INFO - Epoch [36/250] (5883) train_mae: 2.4116, val_mae: 2.9487, lr: 0.000100, 5.0s
2026-05-18 13:37:39,285 - src.base.trainer - INFO - Epoch [37/250] (6000) train_mae: 2.4015, val_mae: 2.9464 
2026-05-18 13:37:39,286 - src.base.trainer - INFO - Val loss decrease from 2.9473 to 2.9464, saving to True
2026-05-18 13:37:40,569 - src.base.trainer - INFO - epoch complete
2026-05-18 13:37:40,569 - src.base.trainer - INFO - evaluating now!
2026-05-18 13:37:41,116 - src.base.trainer - INFO - Epoch [37/250] (6042) train_mae: 2.4077, val_mae: 2.9381, lr: 0.000100, 5.4s
2026-05-18 13:37:41,117 - src.base.trainer - INFO - Val loss decrease from 2.9464 to 2.9381, saving to True
2026-05-18 13:37:46,025 - src.base.trainer - INFO - epoch complete
2026-05-18 13:37:46,025 - src.base.trainer - INFO - evaluating now!
2026-05-18 13:37:46,570 - src.base.trainer - INFO - Epoch [38/250] (6201) train_mae: 2.4041, val_mae: 2.9367, lr: 0.000100, 4.9s
2026-05-18 13:37:46,571 - src.base.trainer - INFO - Val loss decrease from 2.9381 to 2.9367, saving to True
2026-05-18 13:37:51,494 - src.base.trainer - INFO - epoch complete
2026-05-18 13:37:51,494 - src.base.trainer - INFO - evaluating now!
2026-05-18 13:37:52,044 - src.base.trainer - INFO - Epoch [39/250] (6360) train_mae: 2.4026, val_mae: 2.9331, lr: 0.000100, 4.9s
2026-05-18 13:37:52,045 - src.base.trainer - INFO - Val loss decrease from 2.9367 to 2.9331, saving to True
2026-05-18 13:37:53,813 - src.base.trainer - INFO - Epoch [40/250] (6400) train_mae: 2.3594, val_mae: 2.9367 
2026-05-18 13:37:57,494 - src.base.trainer - INFO - epoch complete
2026-05-18 13:37:57,494 - src.base.trainer - INFO - evaluating now!
2026-05-18 13:37:58,041 - src.base.trainer - INFO - Epoch [40/250] (6519) train_mae: 2.3975, val_mae: 2.9289, lr: 0.000100, 5.4s
2026-05-18 13:37:58,045 - src.base.trainer - INFO - Val loss decrease from 2.9331 to 2.9289, saving to True
2026-05-18 13:38:02,948 - src.base.trainer - INFO - epoch complete
2026-05-18 13:38:02,948 - src.base.trainer - INFO - evaluating now!
2026-05-18 13:38:03,501 - src.base.trainer - INFO - Epoch [41/250] (6678) train_mae: 2.3979, val_mae: 2.9258, lr: 0.000100, 4.9s
2026-05-18 13:38:03,502 - src.base.trainer - INFO - Val loss decrease from 2.9289 to 2.9258, saving to True
2026-05-18 13:38:07,813 - src.base.trainer - INFO - Epoch [42/250] (6800) train_mae: 2.3950, val_mae: 2.9204 
2026-05-18 13:38:07,814 - src.base.trainer - INFO - Val loss decrease from 2.9258 to 2.9204, saving to True
2026-05-18 13:38:08,949 - src.base.trainer - INFO - epoch complete
2026-05-18 13:38:08,949 - src.base.trainer - INFO - evaluating now!
2026-05-18 13:38:09,496 - src.base.trainer - INFO - Epoch [42/250] (6837) train_mae: 2.3934, val_mae: 2.9223, lr: 0.000100, 5.4s
2026-05-18 13:38:14,421 - src.base.trainer - INFO - epoch complete
2026-05-18 13:38:14,421 - src.base.trainer - INFO - evaluating now!
2026-05-18 13:38:14,970 - src.base.trainer - INFO - Epoch [43/250] (6996) train_mae: 2.3931, val_mae: 2.9238, lr: 0.000100, 4.9s
2026-05-18 13:38:19,860 - src.base.trainer - INFO - epoch complete
2026-05-18 13:38:19,860 - src.base.trainer - INFO - evaluating now!
2026-05-18 13:38:20,405 - src.base.trainer - INFO - Epoch [44/250] (7155) train_mae: 2.3903, val_mae: 2.9218, lr: 0.000100, 4.9s
2026-05-18 13:38:22,334 - src.base.trainer - INFO - Epoch [45/250] (7200) train_mae: 2.3546, val_mae: 2.9168 
2026-05-18 13:38:22,335 - src.base.trainer - INFO - Val loss decrease from 2.9204 to 2.9168, saving to True
2026-05-18 13:38:25,832 - src.base.trainer - INFO - epoch complete
2026-05-18 13:38:25,832 - src.base.trainer - INFO - evaluating now!
2026-05-18 13:38:26,378 - src.base.trainer - INFO - Epoch [45/250] (7314) train_mae: 2.3894, val_mae: 2.9213, lr: 0.000100, 5.4s
2026-05-18 13:38:31,288 - src.base.trainer - INFO - epoch complete
2026-05-18 13:38:31,288 - src.base.trainer - INFO - evaluating now!
2026-05-18 13:38:31,837 - src.base.trainer - INFO - Epoch [46/250] (7473) train_mae: 2.3889, val_mae: 2.9137, lr: 0.000100, 4.9s
2026-05-18 13:38:31,838 - src.base.trainer - INFO - Val loss decrease from 2.9168 to 2.9137, saving to True
2026-05-18 13:38:36,296 - src.base.trainer - INFO - Epoch [47/250] (7600) train_mae: 2.3913, val_mae: 2.9089 
2026-05-18 13:38:36,297 - src.base.trainer - INFO - Val loss decrease from 2.9137 to 2.9089, saving to True
2026-05-18 13:38:37,276 - src.base.trainer - INFO - epoch complete
2026-05-18 13:38:37,277 - src.base.trainer - INFO - evaluating now!
2026-05-18 13:38:37,822 - src.base.trainer - INFO - Epoch [47/250] (7632) train_mae: 2.3853, val_mae: 2.9086, lr: 0.000100, 5.4s
2026-05-18 13:38:37,823 - src.base.trainer - INFO - Val loss decrease from 2.9089 to 2.9086, saving to True
2026-05-18 13:38:42,771 - src.base.trainer - INFO - epoch complete
2026-05-18 13:38:42,771 - src.base.trainer - INFO - evaluating now!
2026-05-18 13:38:43,320 - src.base.trainer - INFO - Epoch [48/250] (7791) train_mae: 2.3823, val_mae: 2.9066, lr: 0.000100, 4.9s
2026-05-18 13:38:43,321 - src.base.trainer - INFO - Val loss decrease from 2.9086 to 2.9066, saving to True
2026-05-18 13:38:48,263 - src.base.trainer - INFO - epoch complete
2026-05-18 13:38:48,264 - src.base.trainer - INFO - evaluating now!
2026-05-18 13:38:48,805 - src.base.trainer - INFO - Epoch [49/250] (7950) train_mae: 2.3823, val_mae: 2.9088, lr: 0.000100, 4.9s
2026-05-18 13:38:50,892 - src.base.trainer - INFO - Epoch [50/250] (8000) train_mae: 2.3288, val_mae: 2.9095 
2026-05-18 13:38:54,238 - src.base.trainer - INFO - epoch complete
2026-05-18 13:38:54,238 - src.base.trainer - INFO - evaluating now!
2026-05-18 13:38:54,784 - src.base.trainer - INFO - Epoch [50/250] (8109) train_mae: 2.3810, val_mae: 2.9028, lr: 0.000100, 5.4s
2026-05-18 13:38:54,785 - src.base.trainer - INFO - Val loss decrease from 2.9066 to 2.9028, saving to True
2026-05-18 13:38:59,685 - src.base.trainer - INFO - epoch complete
2026-05-18 13:38:59,685 - src.base.trainer - INFO - evaluating now!
2026-05-18 13:39:00,231 - src.base.trainer - INFO - Epoch [51/250] (8268) train_mae: 2.3794, val_mae: 2.9031, lr: 0.000100, 4.9s
2026-05-18 13:39:04,895 - src.base.trainer - INFO - Epoch [52/250] (8400) train_mae: 2.3851, val_mae: 2.9006 
2026-05-18 13:39:04,896 - src.base.trainer - INFO - Val loss decrease from 2.9028 to 2.9006, saving to True
2026-05-18 13:39:05,716 - src.base.trainer - INFO - epoch complete
2026-05-18 13:39:05,717 - src.base.trainer - INFO - evaluating now!
2026-05-18 13:39:06,260 - src.base.trainer - INFO - Epoch [52/250] (8427) train_mae: 2.3782, val_mae: 2.9049, lr: 0.000100, 5.5s
2026-05-18 13:39:11,162 - src.base.trainer - INFO - epoch complete
2026-05-18 13:39:11,162 - src.base.trainer - INFO - evaluating now!
2026-05-18 13:39:11,708 - src.base.trainer - INFO - Epoch [53/250] (8586) train_mae: 2.3762, val_mae: 2.8974, lr: 0.000100, 4.9s
2026-05-18 13:39:11,710 - src.base.trainer - INFO - Val loss decrease from 2.9006 to 2.8974, saving to True
2026-05-18 13:39:16,620 - src.base.trainer - INFO - epoch complete
2026-05-18 13:39:16,620 - src.base.trainer - INFO - evaluating now!
2026-05-18 13:39:17,172 - src.base.trainer - INFO - Epoch [54/250] (8745) train_mae: 2.3754, val_mae: 2.9006, lr: 0.000100, 4.9s
2026-05-18 13:39:19,413 - src.base.trainer - INFO - Epoch [55/250] (8800) train_mae: 2.4341, val_mae: 2.8946 
2026-05-18 13:39:19,414 - src.base.trainer - INFO - Val loss decrease from 2.8974 to 2.8946, saving to True
2026-05-18 13:39:22,626 - src.base.trainer - INFO - epoch complete
2026-05-18 13:39:22,626 - src.base.trainer - INFO - evaluating now!
2026-05-18 13:39:23,173 - src.base.trainer - INFO - Epoch [55/250] (8904) train_mae: 2.3763, val_mae: 2.9001, lr: 0.000100, 5.5s
2026-05-18 13:39:28,057 - src.base.trainer - INFO - epoch complete
2026-05-18 13:39:28,057 - src.base.trainer - INFO - evaluating now!
2026-05-18 13:39:28,599 - src.base.trainer - INFO - Epoch [56/250] (9063) train_mae: 2.3731, val_mae: 2.8963, lr: 0.000100, 4.9s
2026-05-18 13:39:33,407 - src.base.trainer - INFO - Epoch [57/250] (9200) train_mae: 2.4003, val_mae: 2.8965 
2026-05-18 13:39:34,074 - src.base.trainer - INFO - epoch complete
2026-05-18 13:39:34,074 - src.base.trainer - INFO - evaluating now!
2026-05-18 13:39:34,616 - src.base.trainer - INFO - Epoch [57/250] (9222) train_mae: 2.3717, val_mae: 2.8941, lr: 0.000100, 5.5s
2026-05-18 13:39:34,617 - src.base.trainer - INFO - Val loss decrease from 2.8946 to 2.8941, saving to True
2026-05-18 13:39:39,545 - src.base.trainer - INFO - epoch complete
2026-05-18 13:39:39,545 - src.base.trainer - INFO - evaluating now!
2026-05-18 13:39:40,092 - src.base.trainer - INFO - Epoch [58/250] (9381) train_mae: 2.3705, val_mae: 2.8925, lr: 0.000100, 4.9s
2026-05-18 13:39:40,093 - src.base.trainer - INFO - Val loss decrease from 2.8941 to 2.8925, saving to True
2026-05-18 13:39:45,010 - src.base.trainer - INFO - epoch complete
2026-05-18 13:39:45,010 - src.base.trainer - INFO - evaluating now!
2026-05-18 13:39:45,556 - src.base.trainer - INFO - Epoch [59/250] (9540) train_mae: 2.3714, val_mae: 2.8897, lr: 0.000100, 4.9s
2026-05-18 13:39:45,557 - src.base.trainer - INFO - Val loss decrease from 2.8925 to 2.8897, saving to True
2026-05-18 13:39:47,954 - src.base.trainer - INFO - Epoch [60/250] (9600) train_mae: 2.3009, val_mae: 2.8878 
2026-05-18 13:39:47,955 - src.base.trainer - INFO - Val loss decrease from 2.8897 to 2.8878, saving to True
2026-05-18 13:39:51,005 - src.base.trainer - INFO - epoch complete
2026-05-18 13:39:51,005 - src.base.trainer - INFO - evaluating now!
2026-05-18 13:39:51,554 - src.base.trainer - INFO - Epoch [60/250] (9699) train_mae: 2.3675, val_mae: 2.8869, lr: 0.000100, 5.4s
2026-05-18 13:39:51,555 - src.base.trainer - INFO - Val loss decrease from 2.8878 to 2.8869, saving to True
2026-05-18 13:39:56,465 - src.base.trainer - INFO - epoch complete
2026-05-18 13:39:56,465 - src.base.trainer - INFO - evaluating now!
2026-05-18 13:39:57,013 - src.base.trainer - INFO - Epoch [61/250] (9858) train_mae: 2.3671, val_mae: 2.8881, lr: 0.000100, 4.9s
2026-05-18 13:40:01,990 - src.base.trainer - INFO - Epoch [62/250] (10000) train_mae: 2.3524, val_mae: 2.8883 
2026-05-18 13:40:02,501 - src.base.trainer - INFO - epoch complete
2026-05-18 13:40:02,501 - src.base.trainer - INFO - evaluating now!
2026-05-18 13:40:03,045 - src.base.trainer - INFO - Epoch [62/250] (10017) train_mae: 2.3667, val_mae: 2.8898, lr: 0.000100, 5.5s
2026-05-18 13:40:07,937 - src.base.trainer - INFO - epoch complete
2026-05-18 13:40:07,937 - src.base.trainer - INFO - evaluating now!
2026-05-18 13:40:08,483 - src.base.trainer - INFO - Epoch [63/250] (10176) train_mae: 2.3651, val_mae: 2.8896, lr: 0.000100, 4.9s
2026-05-18 13:40:13,387 - src.base.trainer - INFO - epoch complete
2026-05-18 13:40:13,387 - src.base.trainer - INFO - evaluating now!
2026-05-18 13:40:13,933 - src.base.trainer - INFO - Epoch [64/250] (10335) train_mae: 2.3634, val_mae: 2.8883, lr: 0.000100, 4.9s
2026-05-18 13:40:16,505 - src.base.trainer - INFO - Epoch [65/250] (10400) train_mae: 2.3827, val_mae: 2.8803 
2026-05-18 13:40:16,506 - src.base.trainer - INFO - Val loss decrease from 2.8869 to 2.8803, saving to True
2026-05-18 13:40:19,393 - src.base.trainer - INFO - epoch complete
2026-05-18 13:40:19,393 - src.base.trainer - INFO - evaluating now!
2026-05-18 13:40:19,938 - src.base.trainer - INFO - Epoch [65/250] (10494) train_mae: 2.3652, val_mae: 2.8836, lr: 0.000100, 5.5s
2026-05-18 13:40:24,829 - src.base.trainer - INFO - epoch complete
2026-05-18 13:40:24,830 - src.base.trainer - INFO - evaluating now!
2026-05-18 13:40:25,374 - src.base.trainer - INFO - Epoch [66/250] (10653) train_mae: 2.3633, val_mae: 2.8833, lr: 0.000100, 4.9s
2026-05-18 13:40:30,452 - src.base.trainer - INFO - Epoch [67/250] (10800) train_mae: 2.3684, val_mae: 2.8815 
2026-05-18 13:40:30,808 - src.base.trainer - INFO - epoch complete
2026-05-18 13:40:30,808 - src.base.trainer - INFO - evaluating now!
2026-05-18 13:40:31,355 - src.base.trainer - INFO - Epoch [67/250] (10812) train_mae: 2.3609, val_mae: 2.8748, lr: 0.000100, 5.4s
2026-05-18 13:40:31,356 - src.base.trainer - INFO - Val loss decrease from 2.8803 to 2.8748, saving to True
2026-05-18 13:40:36,256 - src.base.trainer - INFO - epoch complete
2026-05-18 13:40:36,256 - src.base.trainer - INFO - evaluating now!
2026-05-18 13:40:36,800 - src.base.trainer - INFO - Epoch [68/250] (10971) train_mae: 2.3636, val_mae: 2.8758, lr: 0.000100, 4.9s
2026-05-18 13:40:41,723 - src.base.trainer - INFO - epoch complete
2026-05-18 13:40:41,723 - src.base.trainer - INFO - evaluating now!
2026-05-18 13:40:42,278 - src.base.trainer - INFO - Epoch [69/250] (11130) train_mae: 2.3595, val_mae: 2.8746, lr: 0.000100, 4.9s
2026-05-18 13:40:42,279 - src.base.trainer - INFO - Val loss decrease from 2.8748 to 2.8746, saving to True
2026-05-18 13:40:44,988 - src.base.trainer - INFO - Epoch [70/250] (11200) train_mae: 2.3438, val_mae: 2.8790 
2026-05-18 13:40:47,730 - src.base.trainer - INFO - epoch complete
2026-05-18 13:40:47,730 - src.base.trainer - INFO - evaluating now!
2026-05-18 13:40:48,277 - src.base.trainer - INFO - Epoch [70/250] (11289) train_mae: 2.3583, val_mae: 2.8793, lr: 0.000100, 5.5s
2026-05-18 13:40:53,194 - src.base.trainer - INFO - epoch complete
2026-05-18 13:40:53,195 - src.base.trainer - INFO - evaluating now!
2026-05-18 13:40:53,739 - src.base.trainer - INFO - Epoch [71/250] (11448) train_mae: 2.3589, val_mae: 2.8771, lr: 0.000100, 4.9s
2026-05-18 13:40:59,044 - src.base.trainer - INFO - Epoch [72/250] (11600) train_mae: 2.3672, val_mae: 2.8783 
2026-05-18 13:40:59,470 - src.base.trainer - INFO - epoch complete
2026-05-18 13:40:59,471 - src.base.trainer - INFO - evaluating now!
2026-05-18 13:41:00,162 - src.base.trainer - INFO - Epoch [72/250] (11607) train_mae: 2.3573, val_mae: 2.8744, lr: 0.000100, 5.7s
2026-05-18 13:41:00,163 - src.base.trainer - INFO - Val loss decrease from 2.8746 to 2.8744, saving to True
2026-05-18 13:41:05,218 - src.base.trainer - INFO - epoch complete
2026-05-18 13:41:05,218 - src.base.trainer - INFO - evaluating now!
2026-05-18 13:41:05,760 - src.base.trainer - INFO - Epoch [73/250] (11766) train_mae: 2.3572, val_mae: 2.8723, lr: 0.000100, 5.1s
2026-05-18 13:41:05,761 - src.base.trainer - INFO - Val loss decrease from 2.8744 to 2.8723, saving to True
2026-05-18 13:41:10,639 - src.base.trainer - INFO - epoch complete
2026-05-18 13:41:10,639 - src.base.trainer - INFO - evaluating now!
2026-05-18 13:41:11,181 - src.base.trainer - INFO - Epoch [74/250] (11925) train_mae: 2.3555, val_mae: 2.8779, lr: 0.000100, 4.9s
2026-05-18 13:41:14,004 - src.base.trainer - INFO - Epoch [75/250] (12000) train_mae: 2.3043, val_mae: 2.8676 
2026-05-18 13:41:14,005 - src.base.trainer - INFO - Val loss decrease from 2.8723 to 2.8676, saving to True
2026-05-18 13:41:16,595 - src.base.trainer - INFO - epoch complete
2026-05-18 13:41:16,597 - src.base.trainer - INFO - evaluating now!
2026-05-18 13:41:17,171 - src.base.trainer - INFO - Epoch [75/250] (12084) train_mae: 2.3552, val_mae: 2.8697, lr: 0.000100, 5.4s
2026-05-18 13:41:22,049 - src.base.trainer - INFO - epoch complete
2026-05-18 13:41:22,050 - src.base.trainer - INFO - evaluating now!
2026-05-18 13:41:22,589 - src.base.trainer - INFO - Epoch [76/250] (12243) train_mae: 2.3550, val_mae: 2.8647, lr: 0.000100, 4.9s
2026-05-18 13:41:22,590 - src.base.trainer - INFO - Val loss decrease from 2.8676 to 2.8647, saving to True
2026-05-18 13:41:27,965 - src.base.trainer - INFO - Epoch [77/250] (12400) train_mae: 2.3478, val_mae: 2.8716 
2026-05-18 13:41:28,015 - src.base.trainer - INFO - epoch complete
2026-05-18 13:41:28,015 - src.base.trainer - INFO - evaluating now!
2026-05-18 13:41:28,549 - src.base.trainer - INFO - Epoch [77/250] (12402) train_mae: 2.3523, val_mae: 2.8708, lr: 0.000100, 5.4s
2026-05-18 13:41:33,566 - src.base.trainer - INFO - epoch complete
2026-05-18 13:41:33,566 - src.base.trainer - INFO - evaluating now!
2026-05-18 13:41:34,120 - src.base.trainer - INFO - Epoch [78/250] (12561) train_mae: 2.3522, val_mae: 2.8689, lr: 0.000100, 5.0s
2026-05-18 13:41:39,146 - src.base.trainer - INFO - epoch complete
2026-05-18 13:41:39,146 - src.base.trainer - INFO - evaluating now!
2026-05-18 13:41:39,691 - src.base.trainer - INFO - Epoch [79/250] (12720) train_mae: 2.3523, val_mae: 2.8782, lr: 0.000100, 5.0s
2026-05-18 13:41:42,715 - src.base.trainer - INFO - Epoch [80/250] (12800) train_mae: 2.3451, val_mae: 2.8646 
2026-05-18 13:41:42,716 - src.base.trainer - INFO - Val loss decrease from 2.8647 to 2.8646, saving to True
2026-05-18 13:41:45,289 - src.base.trainer - INFO - epoch complete
2026-05-18 13:41:45,291 - src.base.trainer - INFO - evaluating now!
2026-05-18 13:41:45,977 - src.base.trainer - INFO - Epoch [80/250] (12879) train_mae: 2.3518, val_mae: 2.8708, lr: 0.000100, 5.6s
2026-05-18 13:41:51,116 - src.base.trainer - INFO - epoch complete
2026-05-18 13:41:51,116 - src.base.trainer - INFO - evaluating now!
2026-05-18 13:41:51,711 - src.base.trainer - INFO - Epoch [81/250] (13038) train_mae: 2.3519, val_mae: 2.8672, lr: 0.000100, 5.1s
2026-05-18 13:41:57,206 - src.base.trainer - INFO - epoch complete
2026-05-18 13:41:57,206 - src.base.trainer - INFO - evaluating now!
2026-05-18 13:41:57,875 - src.base.trainer - INFO - Epoch [82/250] (13197) train_mae: 2.3483, val_mae: 2.8684, lr: 0.000100, 5.5s
2026-05-18 13:41:58,653 - src.base.trainer - INFO - Epoch [83/250] (13200) train_mae: 2.4756, val_mae: 2.8651 
2026-05-18 13:42:03,974 - src.base.trainer - INFO - epoch complete
2026-05-18 13:42:03,976 - src.base.trainer - INFO - evaluating now!
2026-05-18 13:42:04,651 - src.base.trainer - INFO - Epoch [83/250] (13356) train_mae: 2.3487, val_mae: 2.8628, lr: 0.000100, 6.1s
2026-05-18 13:42:04,652 - src.base.trainer - INFO - Val loss decrease from 2.8646 to 2.8628, saving to True
2026-05-18 13:42:10,382 - src.base.trainer - INFO - epoch complete
2026-05-18 13:42:10,383 - src.base.trainer - INFO - evaluating now!
2026-05-18 13:42:11,009 - src.base.trainer - INFO - Epoch [84/250] (13515) train_mae: 2.3482, val_mae: 2.8586, lr: 0.000100, 5.7s
2026-05-18 13:42:11,010 - src.base.trainer - INFO - Val loss decrease from 2.8628 to 2.8586, saving to True
2026-05-18 13:42:14,578 - src.base.trainer - INFO - Epoch [85/250] (13600) train_mae: 2.3559, val_mae: 2.8687 
2026-05-18 13:42:17,124 - src.base.trainer - INFO - epoch complete
2026-05-18 13:42:17,125 - src.base.trainer - INFO - evaluating now!
2026-05-18 13:42:17,731 - src.base.trainer - INFO - Epoch [85/250] (13674) train_mae: 2.3472, val_mae: 2.8577, lr: 0.000100, 6.1s
2026-05-18 13:42:17,735 - src.base.trainer - INFO - Val loss decrease from 2.8586 to 2.8577, saving to True
2026-05-18 13:42:23,097 - src.base.trainer - INFO - epoch complete
2026-05-18 13:42:23,097 - src.base.trainer - INFO - evaluating now!
2026-05-18 13:42:23,701 - src.base.trainer - INFO - Epoch [86/250] (13833) train_mae: 2.3470, val_mae: 2.8729, lr: 0.000100, 5.4s
2026-05-18 13:42:28,893 - src.base.trainer - INFO - epoch complete
2026-05-18 13:42:28,893 - src.base.trainer - INFO - evaluating now!
2026-05-18 13:42:29,669 - src.base.trainer - INFO - Epoch [87/250] (13992) train_mae: 2.3467, val_mae: 2.8608, lr: 0.000100, 5.2s
2026-05-18 13:42:30,799 - src.base.trainer - INFO - Epoch [88/250] (14000) train_mae: 2.2753, val_mae: 2.8584 
2026-05-18 13:42:36,990 - src.base.trainer - INFO - epoch complete
2026-05-18 13:42:36,990 - src.base.trainer - INFO - evaluating now!
2026-05-18 13:42:37,812 - src.base.trainer - INFO - Epoch [88/250] (14151) train_mae: 2.3465, val_mae: 2.8589, lr: 0.000100, 7.3s
2026-05-18 13:42:43,733 - src.base.trainer - INFO - epoch complete
2026-05-18 13:42:43,733 - src.base.trainer - INFO - evaluating now!
2026-05-18 13:42:44,354 - src.base.trainer - INFO - Epoch [89/250] (14310) train_mae: 2.3457, val_mae: 2.8635, lr: 0.000100, 5.9s
2026-05-18 13:42:47,614 - src.base.trainer - INFO - Epoch [90/250] (14400) train_mae: 2.3467, val_mae: 2.8572 
2026-05-18 13:42:47,615 - src.base.trainer - INFO - Val loss decrease from 2.8577 to 2.8572, saving to True
2026-05-18 13:42:49,703 - src.base.trainer - INFO - epoch complete
2026-05-18 13:42:49,703 - src.base.trainer - INFO - evaluating now!
2026-05-18 13:42:50,243 - src.base.trainer - INFO - Epoch [90/250] (14469) train_mae: 2.3455, val_mae: 2.8597, lr: 0.000100, 5.3s
2026-05-18 13:42:55,123 - src.base.trainer - INFO - epoch complete
2026-05-18 13:42:55,123 - src.base.trainer - INFO - evaluating now!
2026-05-18 13:42:55,658 - src.base.trainer - INFO - Epoch [91/250] (14628) train_mae: 2.3430, val_mae: 2.8594, lr: 0.000100, 4.9s
2026-05-18 13:43:00,489 - src.base.trainer - INFO - epoch complete
2026-05-18 13:43:00,489 - src.base.trainer - INFO - evaluating now!
2026-05-18 13:43:01,025 - src.base.trainer - INFO - Epoch [92/250] (14787) train_mae: 2.3463, val_mae: 2.8566, lr: 0.000100, 4.8s
2026-05-18 13:43:01,026 - src.base.trainer - INFO - Val loss decrease from 2.8572 to 2.8566, saving to True
2026-05-18 13:43:01,953 - src.base.trainer - INFO - Epoch [93/250] (14800) train_mae: 2.2625, val_mae: 2.8579 
2026-05-18 13:43:06,369 - src.base.trainer - INFO - epoch complete
2026-05-18 13:43:06,369 - src.base.trainer - INFO - evaluating now!
2026-05-18 13:43:06,907 - src.base.trainer - INFO - Epoch [93/250] (14946) train_mae: 2.3431, val_mae: 2.8578, lr: 0.000100, 5.3s
2026-05-18 13:43:11,807 - src.base.trainer - INFO - epoch complete
2026-05-18 13:43:11,809 - src.base.trainer - INFO - evaluating now!
2026-05-18 13:43:12,345 - src.base.trainer - INFO - Epoch [94/250] (15105) train_mae: 2.3413, val_mae: 2.8564, lr: 0.000100, 4.9s
2026-05-18 13:43:12,346 - src.base.trainer - INFO - Val loss decrease from 2.8566 to 2.8564, saving to True
2026-05-18 13:43:15,774 - src.base.trainer - INFO - Epoch [95/250] (15200) train_mae: 2.3739, val_mae: 2.8536 
2026-05-18 13:43:15,775 - src.base.trainer - INFO - Val loss decrease from 2.8564 to 2.8536, saving to True
2026-05-18 13:43:17,704 - src.base.trainer - INFO - epoch complete
2026-05-18 13:43:17,704 - src.base.trainer - INFO - evaluating now!
2026-05-18 13:43:18,249 - src.base.trainer - INFO - Epoch [95/250] (15264) train_mae: 2.3398, val_mae: 2.8582, lr: 0.000100, 5.4s
2026-05-18 13:43:23,082 - src.base.trainer - INFO - epoch complete
2026-05-18 13:43:23,082 - src.base.trainer - INFO - evaluating now!
2026-05-18 13:43:23,624 - src.base.trainer - INFO - Epoch [96/250] (15423) train_mae: 2.3408, val_mae: 2.8549, lr: 0.000100, 4.8s
2026-05-18 13:43:28,432 - src.base.trainer - INFO - epoch complete
2026-05-18 13:43:28,432 - src.base.trainer - INFO - evaluating now!
2026-05-18 13:43:28,970 - src.base.trainer - INFO - Epoch [97/250] (15582) train_mae: 2.3412, val_mae: 2.8520, lr: 0.000100, 4.8s
2026-05-18 13:43:28,971 - src.base.trainer - INFO - Val loss decrease from 2.8536 to 2.8520, saving to True
2026-05-18 13:43:30,051 - src.base.trainer - INFO - Epoch [98/250] (15600) train_mae: 2.2624, val_mae: 2.8569 
2026-05-18 13:43:34,342 - src.base.trainer - INFO - epoch complete
2026-05-18 13:43:34,343 - src.base.trainer - INFO - evaluating now!
2026-05-18 13:43:34,881 - src.base.trainer - INFO - Epoch [98/250] (15741) train_mae: 2.3399, val_mae: 2.8500, lr: 0.000100, 5.4s
2026-05-18 13:43:34,882 - src.base.trainer - INFO - Val loss decrease from 2.8520 to 2.8500, saving to True
2026-05-18 13:43:39,728 - src.base.trainer - INFO - epoch complete
2026-05-18 13:43:39,728 - src.base.trainer - INFO - evaluating now!
2026-05-18 13:43:40,266 - src.base.trainer - INFO - Epoch [99/250] (15900) train_mae: 2.3370, val_mae: 2.8494, lr: 0.000100, 4.8s
2026-05-18 13:43:40,267 - src.base.trainer - INFO - Val loss decrease from 2.8500 to 2.8494, saving to True
2026-05-18 13:43:43,859 - src.base.trainer - INFO - Epoch [100/250] (16000) train_mae: 2.3408, val_mae: 2.8527 
2026-05-18 13:43:45,664 - src.base.trainer - INFO - epoch complete
2026-05-18 13:43:45,665 - src.base.trainer - INFO - evaluating now!
2026-05-18 13:43:46,202 - src.base.trainer - INFO - Epoch [100/250] (16059) train_mae: 2.3350, val_mae: 2.8512, lr: 0.000100, 5.4s
2026-05-18 13:43:51,061 - src.base.trainer - INFO - epoch complete
2026-05-18 13:43:51,061 - src.base.trainer - INFO - evaluating now!
2026-05-18 13:43:51,597 - src.base.trainer - INFO - Epoch [101/250] (16218) train_mae: 2.3386, val_mae: 2.8478, lr: 0.000100, 4.9s
2026-05-18 13:43:51,598 - src.base.trainer - INFO - Val loss decrease from 2.8494 to 2.8478, saving to True
2026-05-18 13:43:56,439 - src.base.trainer - INFO - epoch complete
2026-05-18 13:43:56,440 - src.base.trainer - INFO - evaluating now!
2026-05-18 13:43:56,975 - src.base.trainer - INFO - Epoch [102/250] (16377) train_mae: 2.3385, val_mae: 2.8515, lr: 0.000100, 4.8s
2026-05-18 13:43:58,212 - src.base.trainer - INFO - Epoch [103/250] (16400) train_mae: 2.3619, val_mae: 2.8497 
2026-05-18 13:44:02,353 - src.base.trainer - INFO - epoch complete
2026-05-18 13:44:02,353 - src.base.trainer - INFO - evaluating now!
2026-05-18 13:44:02,893 - src.base.trainer - INFO - Epoch [103/250] (16536) train_mae: 2.3377, val_mae: 2.8534, lr: 0.000100, 5.4s
2026-05-18 13:44:07,724 - src.base.trainer - INFO - epoch complete
2026-05-18 13:44:07,724 - src.base.trainer - INFO - evaluating now!
2026-05-18 13:44:08,268 - src.base.trainer - INFO - Epoch [104/250] (16695) train_mae: 2.3354, val_mae: 2.8581, lr: 0.000100, 4.8s
2026-05-18 13:44:12,004 - src.base.trainer - INFO - Epoch [105/250] (16800) train_mae: 2.3165, val_mae: 2.8474 
2026-05-18 13:44:12,005 - src.base.trainer - INFO - Val loss decrease from 2.8478 to 2.8474, saving to True
2026-05-18 13:44:13,640 - src.base.trainer - INFO - epoch complete
2026-05-18 13:44:13,641 - src.base.trainer - INFO - evaluating now!
2026-05-18 13:44:14,181 - src.base.trainer - INFO - Epoch [105/250] (16854) train_mae: 2.3349, val_mae: 2.8502, lr: 0.000100, 5.4s
2026-05-18 13:44:19,110 - src.base.trainer - INFO - epoch complete
2026-05-18 13:44:19,110 - src.base.trainer - INFO - evaluating now!
2026-05-18 13:44:19,666 - src.base.trainer - INFO - Epoch [106/250] (17013) train_mae: 2.3341, val_mae: 2.8525, lr: 0.000100, 4.9s
2026-05-18 13:44:24,718 - src.base.trainer - INFO - epoch complete
2026-05-18 13:44:24,718 - src.base.trainer - INFO - evaluating now!
2026-05-18 13:44:25,264 - src.base.trainer - INFO - Epoch [107/250] (17172) train_mae: 2.3348, val_mae: 2.8481, lr: 0.000100, 5.1s
2026-05-18 13:44:26,658 - src.base.trainer - INFO - Epoch [108/250] (17200) train_mae: 2.2619, val_mae: 2.8472 
2026-05-18 13:44:26,659 - src.base.trainer - INFO - Val loss decrease from 2.8474 to 2.8472, saving to True
2026-05-18 13:44:30,988 - src.base.trainer - INFO - epoch complete
2026-05-18 13:44:30,990 - src.base.trainer - INFO - evaluating now!
2026-05-18 13:44:31,556 - src.base.trainer - INFO - Epoch [108/250] (17331) train_mae: 2.3354, val_mae: 2.8419, lr: 0.000100, 5.7s
2026-05-18 13:44:31,558 - src.base.trainer - INFO - Val loss decrease from 2.8472 to 2.8419, saving to True
2026-05-18 13:44:36,548 - src.base.trainer - INFO - epoch complete
2026-05-18 13:44:36,550 - src.base.trainer - INFO - evaluating now!
2026-05-18 13:44:37,100 - src.base.trainer - INFO - Epoch [109/250] (17490) train_mae: 2.3323, val_mae: 2.8442, lr: 0.000100, 5.0s
2026-05-18 13:44:41,015 - src.base.trainer - INFO - Epoch [110/250] (17600) train_mae: 2.3153, val_mae: 2.8445 
2026-05-18 13:44:42,506 - src.base.trainer - INFO - epoch complete
2026-05-18 13:44:42,507 - src.base.trainer - INFO - evaluating now!
2026-05-18 13:44:43,044 - src.base.trainer - INFO - Epoch [110/250] (17649) train_mae: 2.3320, val_mae: 2.8428, lr: 0.000100, 5.4s
2026-05-18 13:44:47,910 - src.base.trainer - INFO - epoch complete
2026-05-18 13:44:47,912 - src.base.trainer - INFO - evaluating now!
2026-05-18 13:44:48,456 - src.base.trainer - INFO - Epoch [111/250] (17808) train_mae: 2.3316, val_mae: 2.8433, lr: 0.000100, 4.9s
2026-05-18 13:44:53,329 - src.base.trainer - INFO - epoch complete
2026-05-18 13:44:53,329 - src.base.trainer - INFO - evaluating now!
2026-05-18 13:44:53,885 - src.base.trainer - INFO - Epoch [112/250] (17967) train_mae: 2.3299, val_mae: 2.8447, lr: 0.000100, 4.9s
2026-05-18 13:44:55,416 - src.base.trainer - INFO - Epoch [113/250] (18000) train_mae: 2.2494, val_mae: 2.8437 
2026-05-18 13:44:59,253 - src.base.trainer - INFO - epoch complete
2026-05-18 13:44:59,254 - src.base.trainer - INFO - evaluating now!
2026-05-18 13:44:59,793 - src.base.trainer - INFO - Epoch [113/250] (18126) train_mae: 2.3323, val_mae: 2.8509, lr: 0.000100, 5.4s
2026-05-18 13:45:04,678 - src.base.trainer - INFO - epoch complete
2026-05-18 13:45:04,678 - src.base.trainer - INFO - evaluating now!
2026-05-18 13:45:05,219 - src.base.trainer - INFO - Epoch [114/250] (18285) train_mae: 2.3294, val_mae: 2.8393, lr: 0.000100, 4.9s
2026-05-18 13:45:05,220 - src.base.trainer - INFO - Val loss decrease from 2.8419 to 2.8393, saving to True
2026-05-18 13:45:09,327 - src.base.trainer - INFO - Epoch [115/250] (18400) train_mae: 2.3091, val_mae: 2.8373 
2026-05-18 13:45:09,328 - src.base.trainer - INFO - Val loss decrease from 2.8393 to 2.8373, saving to True
2026-05-18 13:45:10,656 - src.base.trainer - INFO - epoch complete
2026-05-18 13:45:10,656 - src.base.trainer - INFO - evaluating now!
2026-05-18 13:45:11,197 - src.base.trainer - INFO - Epoch [115/250] (18444) train_mae: 2.3301, val_mae: 2.8531, lr: 0.000100, 5.4s
2026-05-18 13:45:16,157 - src.base.trainer - INFO - epoch complete
2026-05-18 13:45:16,159 - src.base.trainer - INFO - evaluating now!
2026-05-18 13:45:16,744 - src.base.trainer - INFO - Epoch [116/250] (18603) train_mae: 2.3288, val_mae: 2.8384, lr: 0.000100, 5.0s
2026-05-18 13:45:22,499 - src.base.trainer - INFO - epoch complete
2026-05-18 13:45:22,499 - src.base.trainer - INFO - evaluating now!
2026-05-18 13:45:23,057 - src.base.trainer - INFO - Epoch [117/250] (18762) train_mae: 2.3296, val_mae: 2.8458, lr: 0.000100, 5.8s
2026-05-18 13:45:24,743 - src.base.trainer - INFO - Epoch [118/250] (18800) train_mae: 2.3788, val_mae: 2.8480 
2026-05-18 13:45:28,419 - src.base.trainer - INFO - epoch complete
2026-05-18 13:45:28,419 - src.base.trainer - INFO - evaluating now!
2026-05-18 13:45:28,961 - src.base.trainer - INFO - Epoch [118/250] (18921) train_mae: 2.3296, val_mae: 2.8405, lr: 0.000100, 5.4s
2026-05-18 13:45:33,841 - src.base.trainer - INFO - epoch complete
2026-05-18 13:45:33,841 - src.base.trainer - INFO - evaluating now!
2026-05-18 13:45:34,379 - src.base.trainer - INFO - Epoch [119/250] (19080) train_mae: 2.3281, val_mae: 2.8431, lr: 0.000100, 4.9s
2026-05-18 13:45:38,600 - src.base.trainer - INFO - Epoch [120/250] (19200) train_mae: 2.3203, val_mae: 2.8360 
2026-05-18 13:45:38,601 - src.base.trainer - INFO - Val loss decrease from 2.8373 to 2.8360, saving to True
2026-05-18 13:45:39,785 - src.base.trainer - INFO - epoch complete
2026-05-18 13:45:39,785 - src.base.trainer - INFO - evaluating now!
2026-05-18 13:45:40,326 - src.base.trainer - INFO - Epoch [120/250] (19239) train_mae: 2.3257, val_mae: 2.8492, lr: 0.000100, 5.4s
2026-05-18 13:45:45,200 - src.base.trainer - INFO - epoch complete
2026-05-18 13:45:45,200 - src.base.trainer - INFO - evaluating now!
2026-05-18 13:45:45,738 - src.base.trainer - INFO - Epoch [121/250] (19398) train_mae: 2.3279, val_mae: 2.8368, lr: 0.000100, 4.9s
2026-05-18 13:45:50,583 - src.base.trainer - INFO - epoch complete
2026-05-18 13:45:50,583 - src.base.trainer - INFO - evaluating now!
2026-05-18 13:45:51,121 - src.base.trainer - INFO - Epoch [122/250] (19557) train_mae: 2.3291, val_mae: 2.8352, lr: 0.000100, 4.8s
2026-05-18 13:45:51,122 - src.base.trainer - INFO - Val loss decrease from 2.8360 to 2.8352, saving to True
2026-05-18 13:45:52,952 - src.base.trainer - INFO - Epoch [123/250] (19600) train_mae: 2.4073, val_mae: 2.8451 
2026-05-18 13:45:56,463 - src.base.trainer - INFO - epoch complete
2026-05-18 13:45:56,463 - src.base.trainer - INFO - evaluating now!
2026-05-18 13:45:57,000 - src.base.trainer - INFO - Epoch [123/250] (19716) train_mae: 2.3272, val_mae: 2.8361, lr: 0.000100, 5.3s
2026-05-18 13:46:01,883 - src.base.trainer - INFO - epoch complete
2026-05-18 13:46:01,883 - src.base.trainer - INFO - evaluating now!
2026-05-18 13:46:02,431 - src.base.trainer - INFO - Epoch [124/250] (19875) train_mae: 2.3268, val_mae: 2.8363, lr: 0.000100, 4.9s
2026-05-18 13:46:06,788 - src.base.trainer - INFO - Epoch [125/250] (20000) train_mae: 2.3074, val_mae: 2.8372 
2026-05-18 13:46:07,813 - src.base.trainer - INFO - epoch complete
2026-05-18 13:46:07,813 - src.base.trainer - INFO - evaluating now!
2026-05-18 13:46:08,352 - src.base.trainer - INFO - Epoch [125/250] (20034) train_mae: 2.3275, val_mae: 2.8332, lr: 0.000100, 5.4s
2026-05-18 13:46:08,353 - src.base.trainer - INFO - Val loss decrease from 2.8352 to 2.8332, saving to True
2026-05-18 13:46:13,164 - src.base.trainer - INFO - epoch complete
2026-05-18 13:46:13,164 - src.base.trainer - INFO - evaluating now!
2026-05-18 13:46:13,713 - src.base.trainer - INFO - Epoch [126/250] (20193) train_mae: 2.3245, val_mae: 2.8387, lr: 0.000100, 4.8s
2026-05-18 13:46:18,530 - src.base.trainer - INFO - epoch complete
2026-05-18 13:46:18,530 - src.base.trainer - INFO - evaluating now!
2026-05-18 13:46:19,077 - src.base.trainer - INFO - Epoch [127/250] (20352) train_mae: 2.3244, val_mae: 2.8366, lr: 0.000100, 4.8s
2026-05-18 13:46:21,071 - src.base.trainer - INFO - Epoch [128/250] (20400) train_mae: 2.2669, val_mae: 2.8448 
2026-05-18 13:46:24,427 - src.base.trainer - INFO - epoch complete
2026-05-18 13:46:24,427 - src.base.trainer - INFO - evaluating now!
2026-05-18 13:46:24,964 - src.base.trainer - INFO - Epoch [128/250] (20511) train_mae: 2.3231, val_mae: 2.8352, lr: 0.000100, 5.3s
2026-05-18 13:46:29,798 - src.base.trainer - INFO - epoch complete
2026-05-18 13:46:29,798 - src.base.trainer - INFO - evaluating now!
2026-05-18 13:46:30,341 - src.base.trainer - INFO - Epoch [129/250] (20670) train_mae: 2.3240, val_mae: 2.8384, lr: 0.000100, 4.8s
2026-05-18 13:46:34,834 - src.base.trainer - INFO - Epoch [130/250] (20800) train_mae: 2.3153, val_mae: 2.8333 
2026-05-18 13:46:35,707 - src.base.trainer - INFO - epoch complete
2026-05-18 13:46:35,708 - src.base.trainer - INFO - evaluating now!
2026-05-18 13:46:36,249 - src.base.trainer - INFO - Epoch [130/250] (20829) train_mae: 2.3228, val_mae: 2.8364, lr: 0.000100, 5.4s
2026-05-18 13:46:41,116 - src.base.trainer - INFO - epoch complete
2026-05-18 13:46:41,116 - src.base.trainer - INFO - evaluating now!
2026-05-18 13:46:41,655 - src.base.trainer - INFO - Epoch [131/250] (20988) train_mae: 2.3240, val_mae: 2.8387, lr: 0.000100, 4.9s
2026-05-18 13:46:46,481 - src.base.trainer - INFO - epoch complete
2026-05-18 13:46:46,481 - src.base.trainer - INFO - evaluating now!
2026-05-18 13:46:47,021 - src.base.trainer - INFO - Epoch [132/250] (21147) train_mae: 2.3247, val_mae: 2.8338, lr: 0.000100, 4.8s
2026-05-18 13:46:49,182 - src.base.trainer - INFO - Epoch [133/250] (21200) train_mae: 2.2329, val_mae: 2.8328 
2026-05-18 13:46:49,183 - src.base.trainer - INFO - Val loss decrease from 2.8332 to 2.8328, saving to True
2026-05-18 13:46:52,390 - src.base.trainer - INFO - epoch complete
2026-05-18 13:46:52,390 - src.base.trainer - INFO - evaluating now!
2026-05-18 13:46:52,945 - src.base.trainer - INFO - Epoch [133/250] (21306) train_mae: 2.3198, val_mae: 2.8437, lr: 0.000100, 5.4s
2026-05-18 13:46:57,785 - src.base.trainer - INFO - epoch complete
2026-05-18 13:46:57,788 - src.base.trainer - INFO - evaluating now!
2026-05-18 13:46:58,327 - src.base.trainer - INFO - Epoch [134/250] (21465) train_mae: 2.3195, val_mae: 2.8364, lr: 0.000100, 4.8s
2026-05-18 13:47:03,180 - src.base.trainer - INFO - Epoch [135/250] (21600) train_mae: 2.3191, val_mae: 2.8379 
2026-05-18 13:47:03,922 - src.base.trainer - INFO - epoch complete
2026-05-18 13:47:03,922 - src.base.trainer - INFO - evaluating now!
2026-05-18 13:47:04,460 - src.base.trainer - INFO - Epoch [135/250] (21624) train_mae: 2.3239, val_mae: 2.8416, lr: 0.000100, 5.6s
2026-05-18 13:47:09,351 - src.base.trainer - INFO - epoch complete
2026-05-18 13:47:09,351 - src.base.trainer - INFO - evaluating now!
2026-05-18 13:47:09,902 - src.base.trainer - INFO - Epoch [136/250] (21783) train_mae: 2.3236, val_mae: 2.8348, lr: 0.000100, 4.9s
2026-05-18 13:47:14,752 - src.base.trainer - INFO - epoch complete
2026-05-18 13:47:14,752 - src.base.trainer - INFO - evaluating now!
2026-05-18 13:47:15,294 - src.base.trainer - INFO - Epoch [137/250] (21942) train_mae: 2.3233, val_mae: 2.8290, lr: 0.000100, 4.8s
2026-05-18 13:47:15,295 - src.base.trainer - INFO - Val loss decrease from 2.8328 to 2.8290, saving to True
2026-05-18 13:47:17,593 - src.base.trainer - INFO - Epoch [138/250] (22000) train_mae: 2.2622, val_mae: 2.8338 
2026-05-18 13:47:20,877 - src.base.trainer - INFO - epoch complete
2026-05-18 13:47:20,877 - src.base.trainer - INFO - evaluating now!
2026-05-18 13:47:21,416 - src.base.trainer - INFO - Epoch [138/250] (22101) train_mae: 2.3193, val_mae: 2.8371, lr: 0.000100, 5.6s
2026-05-18 13:47:26,312 - src.base.trainer - INFO - epoch complete
2026-05-18 13:47:26,312 - src.base.trainer - INFO - evaluating now!
2026-05-18 13:47:26,896 - src.base.trainer - INFO - Epoch [139/250] (22260) train_mae: 2.3205, val_mae: 2.8298, lr: 0.000100, 4.9s
2026-05-18 13:47:31,831 - src.base.trainer - INFO - Epoch [140/250] (22400) train_mae: 2.3198, val_mae: 2.8293 
2026-05-18 13:47:32,395 - src.base.trainer - INFO - epoch complete
2026-05-18 13:47:32,395 - src.base.trainer - INFO - evaluating now!
2026-05-18 13:47:32,933 - src.base.trainer - INFO - Epoch [140/250] (22419) train_mae: 2.3189, val_mae: 2.8299, lr: 0.000100, 5.5s
2026-05-18 13:47:37,830 - src.base.trainer - INFO - epoch complete
2026-05-18 13:47:37,830 - src.base.trainer - INFO - evaluating now!
2026-05-18 13:47:38,371 - src.base.trainer - INFO - Epoch [141/250] (22578) train_mae: 2.3208, val_mae: 2.8392, lr: 0.000100, 4.9s
2026-05-18 13:47:43,387 - src.base.trainer - INFO - epoch complete
2026-05-18 13:47:43,387 - src.base.trainer - INFO - evaluating now!
2026-05-18 13:47:43,960 - src.base.trainer - INFO - Epoch [142/250] (22737) train_mae: 2.3180, val_mae: 2.8333, lr: 0.000100, 5.0s
2026-05-18 13:47:46,433 - src.base.trainer - INFO - Epoch [143/250] (22800) train_mae: 2.3613, val_mae: 2.8298 
2026-05-18 13:47:49,355 - src.base.trainer - INFO - epoch complete
2026-05-18 13:47:49,355 - src.base.trainer - INFO - evaluating now!
2026-05-18 13:47:49,900 - src.base.trainer - INFO - Epoch [143/250] (22896) train_mae: 2.3187, val_mae: 2.8280, lr: 0.000100, 5.4s
2026-05-18 13:47:49,901 - src.base.trainer - INFO - Val loss decrease from 2.8290 to 2.8280, saving to True
2026-05-18 13:47:54,735 - src.base.trainer - INFO - epoch complete
2026-05-18 13:47:54,735 - src.base.trainer - INFO - evaluating now!
2026-05-18 13:47:55,330 - src.base.trainer - INFO - Epoch [144/250] (23055) train_mae: 2.3226, val_mae: 2.8278, lr: 0.000100, 4.8s
2026-05-18 13:47:55,331 - src.base.trainer - INFO - Val loss decrease from 2.8280 to 2.8278, saving to True
2026-05-18 13:48:00,300 - src.base.trainer - INFO - Epoch [145/250] (23200) train_mae: 2.3086, val_mae: 2.8334 
2026-05-18 13:48:00,710 - src.base.trainer - INFO - epoch complete
2026-05-18 13:48:00,710 - src.base.trainer - INFO - evaluating now!
2026-05-18 13:48:01,249 - src.base.trainer - INFO - Epoch [145/250] (23214) train_mae: 2.3189, val_mae: 2.8266, lr: 0.000100, 5.4s
2026-05-18 13:48:01,250 - src.base.trainer - INFO - Val loss decrease from 2.8278 to 2.8266, saving to True
2026-05-18 13:48:06,098 - src.base.trainer - INFO - epoch complete
2026-05-18 13:48:06,098 - src.base.trainer - INFO - evaluating now!
2026-05-18 13:48:06,638 - src.base.trainer - INFO - Epoch [146/250] (23373) train_mae: 2.3169, val_mae: 2.8284, lr: 0.000100, 4.8s
2026-05-18 13:48:11,474 - src.base.trainer - INFO - epoch complete
2026-05-18 13:48:11,474 - src.base.trainer - INFO - evaluating now!
2026-05-18 13:48:12,013 - src.base.trainer - INFO - Epoch [147/250] (23532) train_mae: 2.3156, val_mae: 2.8339, lr: 0.000100, 4.8s
2026-05-18 13:48:14,626 - src.base.trainer - INFO - Epoch [148/250] (23600) train_mae: 2.3389, val_mae: 2.8267 
2026-05-18 13:48:17,390 - src.base.trainer - INFO - epoch complete
2026-05-18 13:48:17,390 - src.base.trainer - INFO - evaluating now!
2026-05-18 13:48:17,927 - src.base.trainer - INFO - Epoch [148/250] (23691) train_mae: 2.3175, val_mae: 2.8310, lr: 0.000100, 5.4s
2026-05-18 13:48:22,798 - src.base.trainer - INFO - epoch complete
2026-05-18 13:48:22,798 - src.base.trainer - INFO - evaluating now!
2026-05-18 13:48:23,340 - src.base.trainer - INFO - Epoch [149/250] (23850) train_mae: 2.3184, val_mae: 2.8294, lr: 0.000100, 4.9s
2026-05-18 13:48:28,465 - src.base.trainer - INFO - Epoch [150/250] (24000) train_mae: 2.3245, val_mae: 2.8328 
2026-05-18 13:48:28,726 - src.base.trainer - INFO - epoch complete
2026-05-18 13:48:28,726 - src.base.trainer - INFO - evaluating now!
2026-05-18 13:48:29,275 - src.base.trainer - INFO - Epoch [150/250] (24009) train_mae: 2.3177, val_mae: 2.8295, lr: 0.000100, 5.4s
2026-05-18 13:48:34,142 - src.base.trainer - INFO - epoch complete
2026-05-18 13:48:34,143 - src.base.trainer - INFO - evaluating now!
2026-05-18 13:48:34,682 - src.base.trainer - INFO - Epoch [151/250] (24168) train_mae: 2.3183, val_mae: 2.8273, lr: 0.000100, 4.9s
2026-05-18 13:48:39,560 - src.base.trainer - INFO - epoch complete
2026-05-18 13:48:39,560 - src.base.trainer - INFO - evaluating now!
2026-05-18 13:48:40,101 - src.base.trainer - INFO - Epoch [152/250] (24327) train_mae: 2.3202, val_mae: 2.8280, lr: 0.000100, 4.9s
2026-05-18 13:48:42,860 - src.base.trainer - INFO - Epoch [153/250] (24400) train_mae: 2.3613, val_mae: 2.8260 
2026-05-18 13:48:42,861 - src.base.trainer - INFO - Val loss decrease from 2.8266 to 2.8260, saving to True
2026-05-18 13:48:45,483 - src.base.trainer - INFO - epoch complete
2026-05-18 13:48:45,483 - src.base.trainer - INFO - evaluating now!
2026-05-18 13:48:46,021 - src.base.trainer - INFO - Epoch [153/250] (24486) train_mae: 2.3182, val_mae: 2.8281, lr: 0.000100, 5.4s
2026-05-18 13:48:50,861 - src.base.trainer - INFO - epoch complete
2026-05-18 13:48:50,861 - src.base.trainer - INFO - evaluating now!
2026-05-18 13:48:51,405 - src.base.trainer - INFO - Epoch [154/250] (24645) train_mae: 2.3160, val_mae: 2.8321, lr: 0.000100, 4.8s
2026-05-18 13:48:56,694 - src.base.trainer - INFO - Epoch [155/250] (24800) train_mae: 2.3209, val_mae: 2.8263 
2026-05-18 13:48:56,802 - src.base.trainer - INFO - epoch complete
2026-05-18 13:48:56,802 - src.base.trainer - INFO - evaluating now!
2026-05-18 13:48:57,336 - src.base.trainer - INFO - Epoch [155/250] (24804) train_mae: 2.3166, val_mae: 2.8296, lr: 0.000100, 5.4s
2026-05-18 13:49:02,155 - src.base.trainer - INFO - epoch complete
2026-05-18 13:49:02,156 - src.base.trainer - INFO - evaluating now!
2026-05-18 13:49:02,692 - src.base.trainer - INFO - Epoch [156/250] (24963) train_mae: 2.3151, val_mae: 2.8322, lr: 0.000100, 4.8s
2026-05-18 13:49:07,518 - src.base.trainer - INFO - epoch complete
2026-05-18 13:49:07,518 - src.base.trainer - INFO - evaluating now!
2026-05-18 13:49:08,056 - src.base.trainer - INFO - Epoch [157/250] (25122) train_mae: 2.3141, val_mae: 2.8291, lr: 0.000100, 4.8s
2026-05-18 13:49:10,964 - src.base.trainer - INFO - Epoch [158/250] (25200) train_mae: 2.3213, val_mae: 2.8290 
2026-05-18 13:49:13,437 - src.base.trainer - INFO - epoch complete
2026-05-18 13:49:13,437 - src.base.trainer - INFO - evaluating now!
2026-05-18 13:49:13,983 - src.base.trainer - INFO - Epoch [158/250] (25281) train_mae: 2.3152, val_mae: 2.8346, lr: 0.000100, 5.4s
2026-05-18 13:49:18,842 - src.base.trainer - INFO - epoch complete
2026-05-18 13:49:18,842 - src.base.trainer - INFO - evaluating now!
2026-05-18 13:49:19,387 - src.base.trainer - INFO - Epoch [159/250] (25440) train_mae: 2.3146, val_mae: 2.8309, lr: 0.000100, 4.9s
2026-05-18 13:49:24,289 - src.base.trainer - INFO - epoch complete
2026-05-18 13:49:24,292 - src.base.trainer - INFO - evaluating now!
2026-05-18 13:49:24,844 - src.base.trainer - INFO - Epoch [160/250] (25599) train_mae: 2.3121, val_mae: 2.8307, lr: 0.000100, 4.9s
2026-05-18 13:49:25,440 - src.base.trainer - INFO - Epoch [161/250] (25600) train_mae: 1.9934, val_mae: 2.8322 
2026-05-18 13:49:30,365 - src.base.trainer - INFO - epoch complete
2026-05-18 13:49:30,365 - src.base.trainer - INFO - evaluating now!
2026-05-18 13:49:30,901 - src.base.trainer - INFO - Epoch [161/250] (25758) train_mae: 2.3170, val_mae: 2.8248, lr: 0.000100, 5.5s
2026-05-18 13:49:30,902 - src.base.trainer - INFO - Val loss decrease from 2.8260 to 2.8248, saving to True
2026-05-18 13:49:35,728 - src.base.trainer - INFO - epoch complete
2026-05-18 13:49:35,728 - src.base.trainer - INFO - evaluating now!
2026-05-18 13:49:36,267 - src.base.trainer - INFO - Epoch [162/250] (25917) train_mae: 2.3120, val_mae: 2.8248, lr: 0.000100, 4.8s
2026-05-18 13:49:36,268 - src.base.trainer - INFO - Val loss decrease from 2.8248 to 2.8248, saving to True
2026-05-18 13:49:39,358 - src.base.trainer - INFO - Epoch [163/250] (26000) train_mae: 2.2796, val_mae: 2.8220 
2026-05-18 13:49:39,359 - src.base.trainer - INFO - Val loss decrease from 2.8248 to 2.8220, saving to True
2026-05-18 13:49:41,671 - src.base.trainer - INFO - epoch complete
2026-05-18 13:49:41,671 - src.base.trainer - INFO - evaluating now!
2026-05-18 13:49:42,213 - src.base.trainer - INFO - Epoch [163/250] (26076) train_mae: 2.3144, val_mae: 2.8300, lr: 0.000100, 5.4s
2026-05-18 13:49:47,059 - src.base.trainer - INFO - epoch complete
2026-05-18 13:49:47,059 - src.base.trainer - INFO - evaluating now!
2026-05-18 13:49:47,597 - src.base.trainer - INFO - Epoch [164/250] (26235) train_mae: 2.3125, val_mae: 2.8285, lr: 0.000100, 4.8s
2026-05-18 13:49:52,452 - src.base.trainer - INFO - epoch complete
2026-05-18 13:49:52,452 - src.base.trainer - INFO - evaluating now!
2026-05-18 13:49:52,991 - src.base.trainer - INFO - Epoch [165/250] (26394) train_mae: 2.3102, val_mae: 2.8232, lr: 0.000100, 4.9s
2026-05-18 13:49:53,704 - src.base.trainer - INFO - Epoch [166/250] (26400) train_mae: 2.3003, val_mae: 2.8246 
2026-05-18 13:49:58,345 - src.base.trainer - INFO - epoch complete
2026-05-18 13:49:58,345 - src.base.trainer - INFO - evaluating now!
2026-05-18 13:49:58,889 - src.base.trainer - INFO - Epoch [166/250] (26553) train_mae: 2.3101, val_mae: 2.8246, lr: 0.000100, 5.4s
2026-05-18 13:50:03,741 - src.base.trainer - INFO - epoch complete
2026-05-18 13:50:03,741 - src.base.trainer - INFO - evaluating now!
2026-05-18 13:50:04,285 - src.base.trainer - INFO - Epoch [167/250] (26712) train_mae: 2.3122, val_mae: 2.8249, lr: 0.000100, 4.9s
2026-05-18 13:50:07,513 - src.base.trainer - INFO - Epoch [168/250] (26800) train_mae: 2.2989, val_mae: 2.8282 
2026-05-18 13:50:09,668 - src.base.trainer - INFO - epoch complete
2026-05-18 13:50:09,668 - src.base.trainer - INFO - evaluating now!
2026-05-18 13:50:10,206 - src.base.trainer - INFO - Epoch [168/250] (26871) train_mae: 2.3123, val_mae: 2.8197, lr: 0.000100, 5.4s
2026-05-18 13:50:10,207 - src.base.trainer - INFO - Val loss decrease from 2.8220 to 2.8197, saving to True
2026-05-18 13:50:15,054 - src.base.trainer - INFO - epoch complete
2026-05-18 13:50:15,054 - src.base.trainer - INFO - evaluating now!
2026-05-18 13:50:15,592 - src.base.trainer - INFO - Epoch [169/250] (27030) train_mae: 2.3112, val_mae: 2.8230, lr: 0.000100, 4.8s
2026-05-18 13:50:20,409 - src.base.trainer - INFO - epoch complete
2026-05-18 13:50:20,409 - src.base.trainer - INFO - evaluating now!
2026-05-18 13:50:20,954 - src.base.trainer - INFO - Epoch [170/250] (27189) train_mae: 2.3108, val_mae: 2.8373, lr: 0.000100, 4.8s
2026-05-18 13:50:21,825 - src.base.trainer - INFO - Epoch [171/250] (27200) train_mae: 2.3414, val_mae: 2.8256 
2026-05-18 13:50:26,326 - src.base.trainer - INFO - epoch complete
2026-05-18 13:50:26,327 - src.base.trainer - INFO - evaluating now!
2026-05-18 13:50:26,863 - src.base.trainer - INFO - Epoch [171/250] (27348) train_mae: 2.3109, val_mae: 2.8227, lr: 0.000100, 5.4s
2026-05-18 13:50:31,697 - src.base.trainer - INFO - epoch complete
2026-05-18 13:50:31,697 - src.base.trainer - INFO - evaluating now!
2026-05-18 13:50:32,235 - src.base.trainer - INFO - Epoch [172/250] (27507) train_mae: 2.3100, val_mae: 2.8193, lr: 0.000100, 4.8s
2026-05-18 13:50:32,236 - src.base.trainer - INFO - Val loss decrease from 2.8197 to 2.8193, saving to True
2026-05-18 13:50:35,602 - src.base.trainer - INFO - Epoch [173/250] (27600) train_mae: 2.3408, val_mae: 2.8224 
2026-05-18 13:50:37,621 - src.base.trainer - INFO - epoch complete
2026-05-18 13:50:37,621 - src.base.trainer - INFO - evaluating now!
2026-05-18 13:50:38,159 - src.base.trainer - INFO - Epoch [173/250] (27666) train_mae: 2.3111, val_mae: 2.8218, lr: 0.000100, 5.4s
2026-05-18 13:50:43,052 - src.base.trainer - INFO - epoch complete
2026-05-18 13:50:43,052 - src.base.trainer - INFO - evaluating now!
2026-05-18 13:50:43,590 - src.base.trainer - INFO - Epoch [174/250] (27825) train_mae: 2.3098, val_mae: 2.8199, lr: 0.000100, 4.9s
2026-05-18 13:50:48,446 - src.base.trainer - INFO - epoch complete
2026-05-18 13:50:48,446 - src.base.trainer - INFO - evaluating now!
2026-05-18 13:50:48,994 - src.base.trainer - INFO - Epoch [175/250] (27984) train_mae: 2.3092, val_mae: 2.8204, lr: 0.000100, 4.9s
2026-05-18 13:50:50,015 - src.base.trainer - INFO - Epoch [176/250] (28000) train_mae: 2.3265, val_mae: 2.8259 
2026-05-18 13:50:54,346 - src.base.trainer - INFO - epoch complete
2026-05-18 13:50:54,347 - src.base.trainer - INFO - evaluating now!
2026-05-18 13:50:54,889 - src.base.trainer - INFO - Epoch [176/250] (28143) train_mae: 2.3081, val_mae: 2.8219, lr: 0.000100, 5.4s
2026-05-18 13:50:59,723 - src.base.trainer - INFO - epoch complete
2026-05-18 13:50:59,723 - src.base.trainer - INFO - evaluating now!
2026-05-18 13:51:00,265 - src.base.trainer - INFO - Epoch [177/250] (28302) train_mae: 2.3099, val_mae: 2.8195, lr: 0.000100, 4.8s
2026-05-18 13:51:03,769 - src.base.trainer - INFO - Epoch [178/250] (28400) train_mae: 2.2789, val_mae: 2.8202 
2026-05-18 13:51:05,612 - src.base.trainer - INFO - epoch complete
2026-05-18 13:51:05,612 - src.base.trainer - INFO - evaluating now!
2026-05-18 13:51:06,151 - src.base.trainer - INFO - Epoch [178/250] (28461) train_mae: 2.3074, val_mae: 2.8189, lr: 0.000100, 5.3s
2026-05-18 13:51:06,152 - src.base.trainer - INFO - Val loss decrease from 2.8193 to 2.8189, saving to True
2026-05-18 13:51:11,039 - src.base.trainer - INFO - epoch complete
2026-05-18 13:51:11,039 - src.base.trainer - INFO - evaluating now!
2026-05-18 13:51:11,588 - src.base.trainer - INFO - Epoch [179/250] (28620) train_mae: 2.3077, val_mae: 2.8222, lr: 0.000100, 4.9s
2026-05-18 13:51:16,492 - src.base.trainer - INFO - epoch complete
2026-05-18 13:51:16,492 - src.base.trainer - INFO - evaluating now!
2026-05-18 13:51:17,028 - src.base.trainer - INFO - Epoch [180/250] (28779) train_mae: 2.3076, val_mae: 2.8233, lr: 0.000100, 4.9s
2026-05-18 13:51:18,202 - src.base.trainer - INFO - Epoch [181/250] (28800) train_mae: 2.3199, val_mae: 2.8239 
2026-05-18 13:51:22,571 - src.base.trainer - INFO - epoch complete
2026-05-18 13:51:22,574 - src.base.trainer - INFO - evaluating now!
2026-05-18 13:51:23,167 - src.base.trainer - INFO - Epoch [181/250] (28938) train_mae: 2.3079, val_mae: 2.8202, lr: 0.000100, 5.5s
2026-05-18 13:51:28,132 - src.base.trainer - INFO - epoch complete
2026-05-18 13:51:28,132 - src.base.trainer - INFO - evaluating now!
2026-05-18 13:51:28,670 - src.base.trainer - INFO - Epoch [182/250] (29097) train_mae: 2.3067, val_mae: 2.8234, lr: 0.000100, 5.0s
2026-05-18 13:51:32,427 - src.base.trainer - INFO - Epoch [183/250] (29200) train_mae: 2.3080, val_mae: 2.8240 
2026-05-18 13:51:34,147 - src.base.trainer - INFO - epoch complete
2026-05-18 13:51:34,147 - src.base.trainer - INFO - evaluating now!
2026-05-18 13:51:34,688 - src.base.trainer - INFO - Epoch [183/250] (29256) train_mae: 2.3083, val_mae: 2.8219, lr: 0.000100, 5.5s
2026-05-18 13:51:39,600 - src.base.trainer - INFO - epoch complete
2026-05-18 13:51:39,600 - src.base.trainer - INFO - evaluating now!
2026-05-18 13:51:40,138 - src.base.trainer - INFO - Epoch [184/250] (29415) train_mae: 2.3072, val_mae: 2.8229, lr: 0.000100, 4.9s
2026-05-18 13:51:45,512 - src.base.trainer - INFO - epoch complete
2026-05-18 13:51:45,512 - src.base.trainer - INFO - evaluating now!
2026-05-18 13:51:46,051 - src.base.trainer - INFO - Epoch [185/250] (29574) train_mae: 2.3073, val_mae: 2.8167, lr: 0.000100, 5.4s
2026-05-18 13:51:46,054 - src.base.trainer - INFO - Val loss decrease from 2.8189 to 2.8167, saving to True
2026-05-18 13:51:47,385 - src.base.trainer - INFO - Epoch [186/250] (29600) train_mae: 2.1926, val_mae: 2.8160 
2026-05-18 13:51:47,390 - src.base.trainer - INFO - Val loss decrease from 2.8167 to 2.8160, saving to True
2026-05-18 13:51:51,469 - src.base.trainer - INFO - epoch complete
2026-05-18 13:51:51,469 - src.base.trainer - INFO - evaluating now!
2026-05-18 13:51:52,013 - src.base.trainer - INFO - Epoch [186/250] (29733) train_mae: 2.3058, val_mae: 2.8163, lr: 0.000100, 5.4s
2026-05-18 13:51:56,922 - src.base.trainer - INFO - epoch complete
2026-05-18 13:51:56,923 - src.base.trainer - INFO - evaluating now!
2026-05-18 13:51:57,464 - src.base.trainer - INFO - Epoch [187/250] (29892) train_mae: 2.3057, val_mae: 2.8196, lr: 0.000100, 4.9s
2026-05-18 13:52:01,319 - src.base.trainer - INFO - Epoch [188/250] (30000) train_mae: 2.2689, val_mae: 2.8192 
2026-05-18 13:52:02,879 - src.base.trainer - INFO - epoch complete
2026-05-18 13:52:02,879 - src.base.trainer - INFO - evaluating now!
2026-05-18 13:52:03,438 - src.base.trainer - INFO - Epoch [188/250] (30051) train_mae: 2.3074, val_mae: 2.8200, lr: 0.000100, 5.4s
2026-05-18 13:52:08,351 - src.base.trainer - INFO - epoch complete
2026-05-18 13:52:08,351 - src.base.trainer - INFO - evaluating now!
2026-05-18 13:52:08,895 - src.base.trainer - INFO - Epoch [189/250] (30210) train_mae: 2.3068, val_mae: 2.8252, lr: 0.000100, 4.9s
2026-05-18 13:52:13,795 - src.base.trainer - INFO - epoch complete
2026-05-18 13:52:13,795 - src.base.trainer - INFO - evaluating now!
2026-05-18 13:52:14,342 - src.base.trainer - INFO - Epoch [190/250] (30369) train_mae: 2.3040, val_mae: 2.8171, lr: 0.000100, 4.9s
2026-05-18 13:52:15,876 - src.base.trainer - INFO - Epoch [191/250] (30400) train_mae: 2.1786, val_mae: 2.8248 
2026-05-18 13:52:20,349 - src.base.trainer - INFO - epoch complete
2026-05-18 13:52:20,349 - src.base.trainer - INFO - evaluating now!
2026-05-18 13:52:21,037 - src.base.trainer - INFO - Epoch [191/250] (30528) train_mae: 2.3037, val_mae: 2.8151, lr: 0.000100, 6.0s
2026-05-18 13:52:21,039 - src.base.trainer - INFO - Val loss decrease from 2.8160 to 2.8151, saving to True
2026-05-18 13:52:26,668 - src.base.trainer - INFO - epoch complete
2026-05-18 13:52:26,668 - src.base.trainer - INFO - evaluating now!
2026-05-18 13:52:27,263 - src.base.trainer - INFO - Epoch [192/250] (30687) train_mae: 2.3049, val_mae: 2.8249, lr: 0.000100, 5.6s
2026-05-18 13:52:31,414 - src.base.trainer - INFO - Epoch [193/250] (30800) train_mae: 2.2783, val_mae: 2.8247 
2026-05-18 13:54:05,516 - src.base.trainer - INFO - epoch complete
2026-05-18 13:54:05,516 - src.base.trainer - INFO - evaluating now!
2026-05-18 13:54:06,072 - src.base.trainer - INFO - Epoch [193/250] (30846) train_mae: 2.3062, val_mae: 2.8155, lr: 0.000100, 98.3s
2026-05-18 13:54:25,686 - src.base.trainer - INFO - epoch complete
2026-05-18 13:54:25,686 - src.base.trainer - INFO - evaluating now!
2026-05-18 13:54:28,792 - src.base.trainer - INFO - Epoch [194/250] (31005) train_mae: 2.3042, val_mae: 2.8134, lr: 0.000100, 19.6s
2026-05-18 13:54:28,798 - src.base.trainer - INFO - Val loss decrease from 2.8151 to 2.8134, saving to True
2026-05-18 13:54:53,849 - src.base.trainer - INFO - epoch complete
2026-05-18 13:54:53,851 - src.base.trainer - INFO - evaluating now!
2026-05-18 13:55:27,315 - src.base.trainer - INFO - Epoch [195/250] (31164) train_mae: 2.3029, val_mae: 2.8143, lr: 0.000100, 25.1s
2026-05-18 13:55:29,830 - src.base.trainer - INFO - Epoch [196/250] (31200) train_mae: 2.2175, val_mae: 2.8122 
2026-05-18 13:55:29,831 - src.base.trainer - INFO - Val loss decrease from 2.8134 to 2.8122, saving to True
2026-05-18 13:55:34,937 - src.base.trainer - INFO - epoch complete
2026-05-18 13:55:34,937 - src.base.trainer - INFO - evaluating now!
2026-05-18 13:55:35,511 - src.base.trainer - INFO - Epoch [196/250] (31323) train_mae: 2.3029, val_mae: 2.8204, lr: 0.000100, 7.6s
2026-05-18 13:55:40,581 - src.base.trainer - INFO - epoch complete
2026-05-18 13:55:40,581 - src.base.trainer - INFO - evaluating now!
2026-05-18 13:55:41,220 - src.base.trainer - INFO - Epoch [197/250] (31482) train_mae: 2.3031, val_mae: 2.8174, lr: 0.000100, 5.1s
2026-05-18 13:55:45,324 - src.base.trainer - INFO - Epoch [198/250] (31600) train_mae: 2.3079, val_mae: 2.8193 
2026-05-18 13:55:46,543 - src.base.trainer - INFO - epoch complete
2026-05-18 13:55:46,543 - src.base.trainer - INFO - evaluating now!
2026-05-18 13:55:47,102 - src.base.trainer - INFO - Epoch [198/250] (31641) train_mae: 2.3019, val_mae: 2.8140, lr: 0.000100, 5.3s
2026-05-18 13:55:51,931 - src.base.trainer - INFO - epoch complete
2026-05-18 13:55:51,931 - src.base.trainer - INFO - evaluating now!
2026-05-18 13:55:52,466 - src.base.trainer - INFO - Epoch [199/250] (31800) train_mae: 2.3017, val_mae: 2.8146, lr: 0.000100, 4.8s
2026-05-18 13:55:57,224 - src.base.trainer - INFO - epoch complete
2026-05-18 13:55:57,224 - src.base.trainer - INFO - evaluating now!
2026-05-18 13:55:57,765 - src.base.trainer - INFO - Epoch [200/250] (31959) train_mae: 2.3030, val_mae: 2.8186, lr: 0.000100, 4.8s
2026-05-18 13:55:59,552 - src.base.trainer - INFO - Epoch [201/250] (32000) train_mae: 2.2476, val_mae: 2.8206 
2026-05-18 13:56:03,140 - src.base.trainer - INFO - epoch complete
2026-05-18 13:56:03,140 - src.base.trainer - INFO - evaluating now!
2026-05-18 13:56:03,679 - src.base.trainer - INFO - Epoch [201/250] (32118) train_mae: 2.3035, val_mae: 2.8165, lr: 0.000100, 5.4s
2026-05-18 13:56:08,521 - src.base.trainer - INFO - epoch complete
2026-05-18 13:56:08,521 - src.base.trainer - INFO - evaluating now!
2026-05-18 13:56:09,059 - src.base.trainer - INFO - Epoch [202/250] (32277) train_mae: 2.3023, val_mae: 2.8113, lr: 0.000100, 4.8s
2026-05-18 13:56:09,061 - src.base.trainer - INFO - Val loss decrease from 2.8122 to 2.8113, saving to True
2026-05-18 13:56:13,294 - src.base.trainer - INFO - Epoch [203/250] (32400) train_mae: 2.2885, val_mae: 2.8133 
2026-05-18 13:56:14,373 - src.base.trainer - INFO - epoch complete
2026-05-18 13:56:14,373 - src.base.trainer - INFO - evaluating now!
2026-05-18 13:56:14,910 - src.base.trainer - INFO - Epoch [203/250] (32436) train_mae: 2.3013, val_mae: 2.8137, lr: 0.000100, 5.3s
2026-05-18 13:56:19,691 - src.base.trainer - INFO - epoch complete
2026-05-18 13:56:19,692 - src.base.trainer - INFO - evaluating now!
2026-05-18 13:56:20,229 - src.base.trainer - INFO - Epoch [204/250] (32595) train_mae: 2.3035, val_mae: 2.8210, lr: 0.000100, 4.8s
2026-05-18 13:56:25,012 - src.base.trainer - INFO - epoch complete
2026-05-18 13:56:25,013 - src.base.trainer - INFO - evaluating now!
2026-05-18 13:56:25,550 - src.base.trainer - INFO - Epoch [205/250] (32754) train_mae: 2.3021, val_mae: 2.8097, lr: 0.000100, 4.8s
2026-05-18 13:56:25,551 - src.base.trainer - INFO - Val loss decrease from 2.8113 to 2.8097, saving to True
2026-05-18 13:56:27,472 - src.base.trainer - INFO - Epoch [206/250] (32800) train_mae: 2.3267, val_mae: 2.8153 
2026-05-18 13:56:30,880 - src.base.trainer - INFO - epoch complete
2026-05-18 13:56:30,881 - src.base.trainer - INFO - evaluating now!
2026-05-18 13:56:31,419 - src.base.trainer - INFO - Epoch [206/250] (32913) train_mae: 2.3017, val_mae: 2.8128, lr: 0.000100, 5.3s
2026-05-18 13:56:36,218 - src.base.trainer - INFO - epoch complete
2026-05-18 13:56:36,218 - src.base.trainer - INFO - evaluating now!
2026-05-18 13:56:36,769 - src.base.trainer - INFO - Epoch [207/250] (33072) train_mae: 2.2998, val_mae: 2.8191, lr: 0.000100, 4.8s
2026-05-18 13:56:41,196 - src.base.trainer - INFO - Epoch [208/250] (33200) train_mae: 2.3018, val_mae: 2.8108 
2026-05-18 13:56:42,113 - src.base.trainer - INFO - epoch complete
2026-05-18 13:56:42,113 - src.base.trainer - INFO - evaluating now!
2026-05-18 13:56:42,656 - src.base.trainer - INFO - Epoch [208/250] (33231) train_mae: 2.3013, val_mae: 2.8161, lr: 0.000100, 5.3s
2026-05-18 13:56:47,446 - src.base.trainer - INFO - epoch complete
2026-05-18 13:56:47,446 - src.base.trainer - INFO - evaluating now!
2026-05-18 13:56:47,981 - src.base.trainer - INFO - Epoch [209/250] (33390) train_mae: 2.3015, val_mae: 2.8165, lr: 0.000100, 4.8s
2026-05-18 13:56:52,790 - src.base.trainer - INFO - epoch complete
2026-05-18 13:56:52,792 - src.base.trainer - INFO - evaluating now!
2026-05-18 13:56:53,341 - src.base.trainer - INFO - Epoch [210/250] (33549) train_mae: 2.3010, val_mae: 2.8156, lr: 0.000100, 4.8s
2026-05-18 13:56:55,414 - src.base.trainer - INFO - Epoch [211/250] (33600) train_mae: 2.2720, val_mae: 2.8133 
2026-05-18 13:56:58,675 - src.base.trainer - INFO - epoch complete
2026-05-18 13:56:58,675 - src.base.trainer - INFO - evaluating now!
2026-05-18 13:56:59,228 - src.base.trainer - INFO - Epoch [211/250] (33708) train_mae: 2.2989, val_mae: 2.8072, lr: 0.000100, 5.3s
2026-05-18 13:56:59,229 - src.base.trainer - INFO - Val loss decrease from 2.8097 to 2.8072, saving to True
2026-05-18 13:57:04,034 - src.base.trainer - INFO - epoch complete
2026-05-18 13:57:04,034 - src.base.trainer - INFO - evaluating now!
2026-05-18 13:57:04,574 - src.base.trainer - INFO - Epoch [212/250] (33867) train_mae: 2.2995, val_mae: 2.8141, lr: 0.000100, 4.8s
2026-05-18 13:57:09,127 - src.base.trainer - INFO - Epoch [213/250] (34000) train_mae: 2.3017, val_mae: 2.8095 
2026-05-18 13:57:09,889 - src.base.trainer - INFO - epoch complete
2026-05-18 13:57:09,889 - src.base.trainer - INFO - evaluating now!
2026-05-18 13:57:10,425 - src.base.trainer - INFO - Epoch [213/250] (34026) train_mae: 2.2988, val_mae: 2.8060, lr: 0.000100, 5.3s
2026-05-18 13:57:10,426 - src.base.trainer - INFO - Val loss decrease from 2.8072 to 2.8060, saving to True
2026-05-18 13:57:15,234 - src.base.trainer - INFO - epoch complete
2026-05-18 13:57:15,237 - src.base.trainer - INFO - evaluating now!
2026-05-18 13:57:15,774 - src.base.trainer - INFO - Epoch [214/250] (34185) train_mae: 2.2994, val_mae: 2.8057, lr: 0.000100, 4.8s
2026-05-18 13:57:15,775 - src.base.trainer - INFO - Val loss decrease from 2.8060 to 2.8057, saving to True
2026-05-18 13:57:20,587 - src.base.trainer - INFO - epoch complete
2026-05-18 13:57:20,587 - src.base.trainer - INFO - evaluating now!
2026-05-18 13:57:21,125 - src.base.trainer - INFO - Epoch [215/250] (34344) train_mae: 2.2988, val_mae: 2.8083, lr: 0.000100, 4.8s
2026-05-18 13:57:23,358 - src.base.trainer - INFO - Epoch [216/250] (34400) train_mae: 2.2676, val_mae: 2.8123 
2026-05-18 13:57:26,456 - src.base.trainer - INFO - epoch complete
2026-05-18 13:57:26,456 - src.base.trainer - INFO - evaluating now!
2026-05-18 13:57:26,995 - src.base.trainer - INFO - Epoch [216/250] (34503) train_mae: 2.2976, val_mae: 2.8123, lr: 0.000100, 5.3s
2026-05-18 13:57:31,813 - src.base.trainer - INFO - epoch complete
2026-05-18 13:57:31,814 - src.base.trainer - INFO - evaluating now!
2026-05-18 13:57:32,349 - src.base.trainer - INFO - Epoch [217/250] (34662) train_mae: 2.2963, val_mae: 2.8086, lr: 0.000100, 4.8s
2026-05-18 13:57:37,059 - src.base.trainer - INFO - Epoch [218/250] (34800) train_mae: 2.3154, val_mae: 2.8164 
2026-05-18 13:57:37,675 - src.base.trainer - INFO - epoch complete
2026-05-18 13:57:37,675 - src.base.trainer - INFO - evaluating now!
2026-05-18 13:57:38,210 - src.base.trainer - INFO - Epoch [218/250] (34821) train_mae: 2.2970, val_mae: 2.8170, lr: 0.000100, 5.3s
2026-05-18 13:57:43,021 - src.base.trainer - INFO - epoch complete
2026-05-18 13:57:43,023 - src.base.trainer - INFO - evaluating now!
2026-05-18 13:57:43,565 - src.base.trainer - INFO - Epoch [219/250] (34980) train_mae: 2.2988, val_mae: 2.8153, lr: 0.000100, 4.8s
2026-05-18 13:57:48,389 - src.base.trainer - INFO - epoch complete
2026-05-18 13:57:48,389 - src.base.trainer - INFO - evaluating now!
2026-05-18 13:57:48,929 - src.base.trainer - INFO - Epoch [220/250] (35139) train_mae: 2.2959, val_mae: 2.8213, lr: 0.000100, 4.8s
2026-05-18 13:57:51,325 - src.base.trainer - INFO - Epoch [221/250] (35200) train_mae: 2.3073, val_mae: 2.8124 
2026-05-18 13:57:54,438 - src.base.trainer - INFO - epoch complete
2026-05-18 13:57:54,438 - src.base.trainer - INFO - evaluating now!
2026-05-18 13:57:54,972 - src.base.trainer - INFO - Epoch [221/250] (35298) train_mae: 2.2990, val_mae: 2.8081, lr: 0.000100, 5.5s
2026-05-18 13:57:59,784 - src.base.trainer - INFO - epoch complete
2026-05-18 13:57:59,785 - src.base.trainer - INFO - evaluating now!
2026-05-18 13:58:00,325 - src.base.trainer - INFO - Epoch [222/250] (35457) train_mae: 2.2968, val_mae: 2.8098, lr: 0.000100, 4.8s
2026-05-18 13:58:05,249 - src.base.trainer - INFO - Epoch [223/250] (35600) train_mae: 2.3033, val_mae: 2.8135 
2026-05-18 13:58:05,722 - src.base.trainer - INFO - epoch complete
2026-05-18 13:58:05,722 - src.base.trainer - INFO - evaluating now!
2026-05-18 13:58:06,268 - src.base.trainer - INFO - Epoch [223/250] (35616) train_mae: 2.2969, val_mae: 2.8097, lr: 0.000100, 5.4s
2026-05-18 13:58:11,072 - src.base.trainer - INFO - epoch complete
2026-05-18 13:58:11,072 - src.base.trainer - INFO - evaluating now!
2026-05-18 13:58:11,608 - src.base.trainer - INFO - Epoch [224/250] (35775) train_mae: 2.2954, val_mae: 2.8084, lr: 0.000100, 4.8s
2026-05-18 13:58:16,621 - src.base.trainer - INFO - epoch complete
2026-05-18 13:58:16,621 - src.base.trainer - INFO - evaluating now!
2026-05-18 13:58:17,173 - src.base.trainer - INFO - Epoch [225/250] (35934) train_mae: 2.2943, val_mae: 2.8123, lr: 0.000100, 5.0s
2026-05-18 13:58:19,794 - src.base.trainer - INFO - Epoch [226/250] (36000) train_mae: 2.3334, val_mae: 2.8084 
2026-05-18 13:58:22,668 - src.base.trainer - INFO - epoch complete
2026-05-18 13:58:22,668 - src.base.trainer - INFO - evaluating now!
2026-05-18 13:58:23,213 - src.base.trainer - INFO - Epoch [226/250] (36093) train_mae: 2.2938, val_mae: 2.8057, lr: 0.000100, 5.5s
2026-05-18 13:58:28,118 - src.base.trainer - INFO - epoch complete
2026-05-18 13:58:28,118 - src.base.trainer - INFO - evaluating now!
2026-05-18 13:58:28,671 - src.base.trainer - INFO - Epoch [227/250] (36252) train_mae: 2.2955, val_mae: 2.8102, lr: 0.000100, 4.9s
2026-05-18 13:58:33,823 - src.base.trainer - INFO - Epoch [228/250] (36400) train_mae: 2.2810, val_mae: 2.8105 
2026-05-18 13:58:34,147 - src.base.trainer - INFO - epoch complete
2026-05-18 13:58:34,147 - src.base.trainer - INFO - evaluating now!
2026-05-18 13:58:34,690 - src.base.trainer - INFO - Epoch [228/250] (36411) train_mae: 2.2951, val_mae: 2.8057, lr: 0.000100, 5.5s
2026-05-18 13:58:34,691 - src.base.trainer - INFO - Val loss decrease from 2.8057 to 2.8057, saving to True
2026-05-18 13:58:39,568 - src.base.trainer - INFO - epoch complete
2026-05-18 13:58:39,569 - src.base.trainer - INFO - evaluating now!
2026-05-18 13:58:40,106 - src.base.trainer - INFO - Epoch [229/250] (36570) train_mae: 2.2951, val_mae: 2.8146, lr: 0.000100, 4.9s
2026-05-18 13:58:45,024 - src.base.trainer - INFO - epoch complete
2026-05-18 13:58:45,024 - src.base.trainer - INFO - evaluating now!
2026-05-18 13:58:45,575 - src.base.trainer - INFO - Epoch [230/250] (36729) train_mae: 2.2953, val_mae: 2.8067, lr: 0.000100, 4.9s
2026-05-18 13:58:48,279 - src.base.trainer - INFO - Epoch [231/250] (36800) train_mae: 2.3360, val_mae: 2.8072 
2026-05-18 13:58:50,972 - src.base.trainer - INFO - epoch complete
2026-05-18 13:58:50,972 - src.base.trainer - INFO - evaluating now!
2026-05-18 13:58:51,509 - src.base.trainer - INFO - Epoch [231/250] (36888) train_mae: 2.2935, val_mae: 2.8064, lr: 0.000100, 5.4s
2026-05-18 13:58:56,371 - src.base.trainer - INFO - epoch complete
2026-05-18 13:58:56,371 - src.base.trainer - INFO - evaluating now!
2026-05-18 13:58:56,925 - src.base.trainer - INFO - Epoch [232/250] (37047) train_mae: 2.2943, val_mae: 2.8097, lr: 0.000100, 4.9s
2026-05-18 13:59:02,167 - src.base.trainer - INFO - Epoch [233/250] (37200) train_mae: 2.2869, val_mae: 2.8133 
2026-05-18 13:59:02,362 - src.base.trainer - INFO - epoch complete
2026-05-18 13:59:02,362 - src.base.trainer - INFO - evaluating now!
2026-05-18 13:59:02,905 - src.base.trainer - INFO - Epoch [233/250] (37206) train_mae: 2.2931, val_mae: 2.8099, lr: 0.000100, 5.4s
2026-05-18 13:59:07,772 - src.base.trainer - INFO - epoch complete
2026-05-18 13:59:07,772 - src.base.trainer - INFO - evaluating now!
2026-05-18 13:59:08,310 - src.base.trainer - INFO - Epoch [234/250] (37365) train_mae: 2.2932, val_mae: 2.8109, lr: 0.000100, 4.9s
2026-05-18 13:59:13,195 - src.base.trainer - INFO - epoch complete
2026-05-18 13:59:13,197 - src.base.trainer - INFO - evaluating now!
2026-05-18 13:59:13,749 - src.base.trainer - INFO - Epoch [235/250] (37524) train_mae: 2.2940, val_mae: 2.8126, lr: 0.000100, 4.9s
2026-05-18 13:59:16,608 - src.base.trainer - INFO - Epoch [236/250] (37600) train_mae: 2.3139, val_mae: 2.8073 
2026-05-18 13:59:19,147 - src.base.trainer - INFO - epoch complete
2026-05-18 13:59:19,147 - src.base.trainer - INFO - evaluating now!
2026-05-18 13:59:19,682 - src.base.trainer - INFO - Epoch [236/250] (37683) train_mae: 2.2923, val_mae: 2.8061, lr: 0.000100, 5.4s
2026-05-18 13:59:24,527 - src.base.trainer - INFO - epoch complete
2026-05-18 13:59:24,527 - src.base.trainer - INFO - evaluating now!
2026-05-18 13:59:25,064 - src.base.trainer - INFO - Epoch [237/250] (37842) train_mae: 2.2926, val_mae: 2.8054, lr: 0.000100, 4.8s
2026-05-18 13:59:25,065 - src.base.trainer - INFO - Val loss decrease from 2.8057 to 2.8054, saving to True
2026-05-18 13:59:30,419 - src.base.trainer - INFO - Epoch [238/250] (38000) train_mae: 2.2924, val_mae: 2.8060 
2026-05-18 13:59:30,441 - src.base.trainer - INFO - epoch complete
2026-05-18 13:59:30,441 - src.base.trainer - INFO - evaluating now!
2026-05-18 13:59:30,982 - src.base.trainer - INFO - Epoch [238/250] (38001) train_mae: 2.2926, val_mae: 2.8088, lr: 0.000100, 5.4s
2026-05-18 13:59:35,846 - src.base.trainer - INFO - epoch complete
2026-05-18 13:59:35,847 - src.base.trainer - INFO - evaluating now!
2026-05-18 13:59:36,394 - src.base.trainer - INFO - Epoch [239/250] (38160) train_mae: 2.2917, val_mae: 2.8039, lr: 0.000100, 4.9s
2026-05-18 13:59:36,395 - src.base.trainer - INFO - Val loss decrease from 2.8054 to 2.8039, saving to True
2026-05-18 13:59:41,255 - src.base.trainer - INFO - epoch complete
2026-05-18 13:59:41,255 - src.base.trainer - INFO - evaluating now!
2026-05-18 13:59:41,796 - src.base.trainer - INFO - Epoch [240/250] (38319) train_mae: 2.2917, val_mae: 2.8067, lr: 0.000100, 4.9s
2026-05-18 13:59:44,809 - src.base.trainer - INFO - Epoch [241/250] (38400) train_mae: 2.2871, val_mae: 2.8033 
2026-05-18 13:59:44,810 - src.base.trainer - INFO - Val loss decrease from 2.8039 to 2.8033, saving to True
2026-05-18 13:59:47,195 - src.base.trainer - INFO - epoch complete
2026-05-18 13:59:47,195 - src.base.trainer - INFO - evaluating now!
2026-05-18 13:59:47,733 - src.base.trainer - INFO - Epoch [241/250] (38478) train_mae: 2.2903, val_mae: 2.8046, lr: 0.000100, 5.4s
2026-05-18 13:59:52,577 - src.base.trainer - INFO - epoch complete
2026-05-18 13:59:52,577 - src.base.trainer - INFO - evaluating now!
2026-05-18 13:59:53,119 - src.base.trainer - INFO - Epoch [242/250] (38637) train_mae: 2.2912, val_mae: 2.8023, lr: 0.000100, 4.8s
2026-05-18 13:59:53,120 - src.base.trainer - INFO - Val loss decrease from 2.8033 to 2.8023, saving to True
2026-05-18 13:59:57,959 - src.base.trainer - INFO - epoch complete
2026-05-18 13:59:57,960 - src.base.trainer - INFO - evaluating now!
2026-05-18 13:59:58,506 - src.base.trainer - INFO - Epoch [243/250] (38796) train_mae: 2.2913, val_mae: 2.8091, lr: 0.000100, 4.8s
2026-05-18 13:59:59,157 - src.base.trainer - INFO - Epoch [244/250] (38800) train_mae: 2.4073, val_mae: 2.8145 
2026-05-18 14:00:03,867 - src.base.trainer - INFO - epoch complete
2026-05-18 14:00:03,870 - src.base.trainer - INFO - evaluating now!
2026-05-18 14:00:04,410 - src.base.trainer - INFO - Epoch [244/250] (38955) train_mae: 2.2913, val_mae: 2.8078, lr: 0.000100, 5.4s
2026-05-18 14:00:09,253 - src.base.trainer - INFO - epoch complete
2026-05-18 14:00:09,253 - src.base.trainer - INFO - evaluating now!
2026-05-18 14:00:09,791 - src.base.trainer - INFO - Epoch [245/250] (39114) train_mae: 2.2891, val_mae: 2.8017, lr: 0.000100, 4.8s
2026-05-18 14:00:09,792 - src.base.trainer - INFO - Val loss decrease from 2.8023 to 2.8017, saving to True
2026-05-18 14:00:12,965 - src.base.trainer - INFO - Epoch [246/250] (39200) train_mae: 2.3384, val_mae: 2.8111 
2026-05-18 14:00:15,174 - src.base.trainer - INFO - epoch complete
2026-05-18 14:00:15,174 - src.base.trainer - INFO - evaluating now!
2026-05-18 14:00:15,713 - src.base.trainer - INFO - Epoch [246/250] (39273) train_mae: 2.2901, val_mae: 2.7997, lr: 0.000100, 5.4s
2026-05-18 14:00:15,714 - src.base.trainer - INFO - Val loss decrease from 2.8017 to 2.7997, saving to True
2026-05-18 14:00:20,546 - src.base.trainer - INFO - epoch complete
2026-05-18 14:00:20,546 - src.base.trainer - INFO - evaluating now!
2026-05-18 14:00:21,084 - src.base.trainer - INFO - Epoch [247/250] (39432) train_mae: 2.2873, val_mae: 2.8064, lr: 0.000100, 4.8s
2026-05-18 14:00:25,923 - src.base.trainer - INFO - epoch complete
2026-05-18 14:00:25,924 - src.base.trainer - INFO - evaluating now!
2026-05-18 14:00:26,464 - src.base.trainer - INFO - Epoch [248/250] (39591) train_mae: 2.2889, val_mae: 2.8084, lr: 0.000100, 4.8s
2026-05-18 14:00:27,265 - src.base.trainer - INFO - Epoch [249/250] (39600) train_mae: 2.3800, val_mae: 2.8036 
2026-05-18 14:00:31,842 - src.base.trainer - INFO - epoch complete
2026-05-18 14:00:31,842 - src.base.trainer - INFO - evaluating now!
2026-05-18 14:00:32,378 - src.base.trainer - INFO - Epoch [249/250] (39750) train_mae: 2.2919, val_mae: 2.8008, lr: 0.000100, 5.4s
2026-05-20 18:43:00,993 - src.base.trainer - INFO - the number of parameters: 36940
2026-05-20 18:43:00,993 - src.base.trainer - INFO - start training !!!!!
2026-05-20 18:43:05,804 - src.base.trainer - INFO - epoch complete
2026-05-20 18:43:05,804 - src.base.trainer - INFO - evaluating now!
2026-05-20 18:43:06,347 - src.base.trainer - INFO - Epoch [0/250] (159) train_mae: 9.7005, val_mae: 9.3190, lr: 0.000100, 4.8s
2026-05-20 18:43:06,353 - src.base.trainer - INFO - Val loss decrease from inf to 9.3190, saving to True
2026-05-20 18:43:11,121 - src.base.trainer - INFO - epoch complete
2026-05-20 18:43:11,121 - src.base.trainer - INFO - evaluating now!
2026-05-20 18:43:11,668 - src.base.trainer - INFO - Epoch [1/250] (318) train_mae: 5.9935, val_mae: 6.8199, lr: 0.000100, 4.8s
2026-05-20 18:43:11,669 - src.base.trainer - INFO - Val loss decrease from 9.3190 to 6.8199, saving to True
2026-05-20 18:43:14,669 - src.base.trainer - INFO - Epoch [2/250] (400) train_mae: 5.1106, val_mae: 6.2623 
2026-05-20 18:43:14,670 - src.base.trainer - INFO - Val loss decrease from 6.8199 to 6.2623, saving to True
2026-05-20 18:43:16,966 - src.base.trainer - INFO - epoch complete
2026-05-20 18:43:16,966 - src.base.trainer - INFO - evaluating now!
2026-05-20 18:43:17,509 - src.base.trainer - INFO - Epoch [2/250] (477) train_mae: 4.9371, val_mae: 5.7645, lr: 0.000100, 5.3s
2026-05-20 18:43:17,510 - src.base.trainer - INFO - Val loss decrease from 6.2623 to 5.7645, saving to True
2026-05-20 18:43:22,277 - src.base.trainer - INFO - epoch complete
2026-05-20 18:43:22,278 - src.base.trainer - INFO - evaluating now!
2026-05-20 18:43:22,824 - src.base.trainer - INFO - Epoch [3/250] (636) train_mae: 4.2231, val_mae: 4.8188, lr: 0.000100, 4.8s
2026-05-20 18:43:22,825 - src.base.trainer - INFO - Val loss decrease from 5.7645 to 4.8188, saving to True
2026-05-20 18:43:27,582 - src.base.trainer - INFO - epoch complete
2026-05-20 18:43:27,582 - src.base.trainer - INFO - evaluating now!
2026-05-20 18:43:28,125 - src.base.trainer - INFO - Epoch [4/250] (795) train_mae: 3.6590, val_mae: 4.2525, lr: 0.000100, 4.8s
2026-05-20 18:43:28,126 - src.base.trainer - INFO - Val loss decrease from 4.8188 to 4.2525, saving to True
2026-05-20 18:43:28,809 - src.base.trainer - INFO - Epoch [5/250] (800) train_mae: 3.2494, val_mae: 4.2414 
2026-05-20 18:43:28,810 - src.base.trainer - INFO - Val loss decrease from 4.2525 to 4.2414, saving to True
2026-05-20 18:43:33,414 - src.base.trainer - INFO - epoch complete
2026-05-20 18:43:33,415 - src.base.trainer - INFO - evaluating now!
2026-05-20 18:43:33,955 - src.base.trainer - INFO - Epoch [5/250] (954) train_mae: 3.3759, val_mae: 4.0067, lr: 0.000100, 5.3s
2026-05-20 18:43:33,956 - src.base.trainer - INFO - Val loss decrease from 4.2414 to 4.0067, saving to True
2026-05-20 18:43:38,715 - src.base.trainer - INFO - epoch complete
2026-05-20 18:43:38,715 - src.base.trainer - INFO - evaluating now!
2026-05-20 18:43:39,256 - src.base.trainer - INFO - Epoch [6/250] (1113) train_mae: 3.2246, val_mae: 3.8612, lr: 0.000100, 4.8s
2026-05-20 18:43:39,257 - src.base.trainer - INFO - Val loss decrease from 4.0067 to 3.8612, saving to True
2026-05-20 18:43:42,402 - src.base.trainer - INFO - Epoch [7/250] (1200) train_mae: 3.1642, val_mae: 3.7993 
2026-05-20 18:43:42,403 - src.base.trainer - INFO - Val loss decrease from 3.8612 to 3.7993, saving to True
2026-05-20 18:43:44,550 - src.base.trainer - INFO - epoch complete
2026-05-20 18:43:44,550 - src.base.trainer - INFO - evaluating now!
2026-05-20 18:43:45,092 - src.base.trainer - INFO - Epoch [7/250] (1272) train_mae: 3.1179, val_mae: 3.7513, lr: 0.000100, 5.3s
2026-05-20 18:43:45,093 - src.base.trainer - INFO - Val loss decrease from 3.7993 to 3.7513, saving to True
2026-05-20 18:43:49,884 - src.base.trainer - INFO - epoch complete
2026-05-20 18:43:49,884 - src.base.trainer - INFO - evaluating now!
2026-05-20 18:43:50,428 - src.base.trainer - INFO - Epoch [8/250] (1431) train_mae: 3.0362, val_mae: 3.6584, lr: 0.000100, 4.8s
2026-05-20 18:43:50,429 - src.base.trainer - INFO - Val loss decrease from 3.7513 to 3.6584, saving to True
2026-05-20 18:43:55,225 - src.base.trainer - INFO - epoch complete
2026-05-20 18:43:55,225 - src.base.trainer - INFO - evaluating now!
2026-05-20 18:43:55,764 - src.base.trainer - INFO - Epoch [9/250] (1590) train_mae: 2.9595, val_mae: 3.5734, lr: 0.000100, 4.8s
2026-05-20 18:43:55,765 - src.base.trainer - INFO - Val loss decrease from 3.6584 to 3.5734, saving to True
2026-05-20 18:43:56,607 - src.base.trainer - INFO - Epoch [10/250] (1600) train_mae: 3.0428, val_mae: 3.5657 
2026-05-20 18:43:56,608 - src.base.trainer - INFO - Val loss decrease from 3.5734 to 3.5657, saving to True
2026-05-20 18:44:01,381 - src.base.trainer - INFO - epoch complete
2026-05-20 18:44:01,381 - src.base.trainer - INFO - evaluating now!
2026-05-20 18:44:01,949 - src.base.trainer - INFO - Epoch [10/250] (1749) train_mae: 2.8922, val_mae: 3.4903, lr: 0.000100, 5.6s
2026-05-20 18:44:01,950 - src.base.trainer - INFO - Val loss decrease from 3.5657 to 3.4903, saving to True
2026-05-20 18:44:06,857 - src.base.trainer - INFO - epoch complete
2026-05-20 18:44:06,857 - src.base.trainer - INFO - evaluating now!
2026-05-20 18:44:07,400 - src.base.trainer - INFO - Epoch [11/250] (1908) train_mae: 2.8345, val_mae: 3.4204, lr: 0.000100, 4.9s
2026-05-20 18:44:07,401 - src.base.trainer - INFO - Val loss decrease from 3.4903 to 3.4204, saving to True
2026-05-20 18:44:10,769 - src.base.trainer - INFO - Epoch [12/250] (2000) train_mae: 2.7795, val_mae: 3.3894 
2026-05-20 18:44:10,770 - src.base.trainer - INFO - Val loss decrease from 3.4204 to 3.3894, saving to True
2026-05-20 18:44:12,868 - src.base.trainer - INFO - epoch complete
2026-05-20 18:44:12,868 - src.base.trainer - INFO - evaluating now!
2026-05-20 18:44:13,412 - src.base.trainer - INFO - Epoch [12/250] (2067) train_mae: 2.7843, val_mae: 3.3628, lr: 0.000100, 5.5s
2026-05-20 18:44:13,413 - src.base.trainer - INFO - Val loss decrease from 3.3894 to 3.3628, saving to True
2026-05-20 18:44:18,343 - src.base.trainer - INFO - epoch complete
2026-05-20 18:44:18,344 - src.base.trainer - INFO - evaluating now!
2026-05-20 18:44:18,887 - src.base.trainer - INFO - Epoch [13/250] (2226) train_mae: 2.7394, val_mae: 3.3153, lr: 0.000100, 4.9s
2026-05-20 18:44:18,888 - src.base.trainer - INFO - Val loss decrease from 3.3628 to 3.3153, saving to True
